"D:/TPSDuel/Content/Audio/S_Fire.uasset" 0
"D:/TPSDuel/Content/Audio/S_Fire.uexp" 1
"../../../Engine/Content/EditorBlueprintResources/StandardMacros.uasset" 2
"../../../Engine/Content/EditorBlueprintResources/StandardMacros.uexp" 3
"D:/TPSDuel/Content/Mannequin/Character/Mesh/SK_Mannequin_Skeleton.uasset" 4
"D:/TPSDuel/Content/Mannequin/Character/Mesh/SK_Mannequin_Skeleton.uexp" 5
"D:/TPSDuel/Content/Mannequin/Animations/ThirdPersonWalk.uasset" 6
"D:/TPSDuel/Content/Mannequin/Animations/ThirdPersonWalk.uexp" 7
"D:/TPSDuel/Content/Mannequin/Animations/ThirdPersonRun.uasset" 8
"D:/TPSDuel/Content/Mannequin/Animations/ThirdPersonRun.uexp" 9
"D:/TPSDuel/Content/Mannequin/Animations/ThirdPersonIdle.uasset" 10
"D:/TPSDuel/Content/Mannequin/Animations/ThirdPersonIdle.uexp" 11
"D:/TPSDuel/Content/Mannequin/Animations/ThirdPerson_IdleRun_2D.uasset" 12
"D:/TPSDuel/Content/Mannequin/Animations/ThirdPerson_IdleRun_2D.uexp" 13
"D:/TPSDuel/Content/Mannequin/Animations/ThirdPersonJump_Start.uasset" 14
"D:/TPSDuel/Content/Mannequin/Animations/ThirdPersonJump_Start.uexp" 15
"D:/TPSDuel/Content/Mannequin/Animations/ThirdPersonJump_Loop.uasset" 16
"D:/TPSDuel/Content/Mannequin/Animations/ThirdPersonJump_Loop.uexp" 17
"D:/TPSDuel/Content/Mannequin/Animations/ThirdPersonJump_End.uasset" 18
"D:/TPSDuel/Content/Mannequin/Animations/ThirdPersonJump_End.uexp" 19
"D:/TPSDuel/Content/Mannequin/Animations/ThirdPerson_AnimBP.uasset" 20
"D:/TPSDuel/Content/Mannequin/Animations/ThirdPerson_AnimBP.uexp" 21
"D:/TPSDuel/Content/Mannequin/Character/Textures/UE4Man_Logo_N.uasset" 22
"D:/TPSDuel/Content/Mannequin/Character/Textures/UE4Man_Logo_N.uexp" 23
"D:/TPSDuel/Content/Mannequin/Character/Textures/UE4Man_Logo_N.ubulk" 24
"D:/TPSDuel/Content/Mannequin/Character/Textures/T_UE4_Mannequin_Mobile_N.uasset" 25
"D:/TPSDuel/Content/Mannequin/Character/Textures/T_UE4_Mannequin_Mobile_N.uexp" 26
"D:/TPSDuel/Content/Mannequin/Character/Textures/T_UE4_Mannequin_Mobile_N.ubulk" 27
"D:/TPSDuel/Content/Mannequin/Character/Textures/T_UE4_Mannequin_Mobile_M.uasset" 28
"D:/TPSDuel/Content/Mannequin/Character/Textures/T_UE4_Mannequin_Mobile_M.uexp" 29
"D:/TPSDuel/Content/Mannequin/Character/Textures/T_UE4_Mannequin_Mobile_M.ubulk" 30
"D:/TPSDuel/Content/Mannequin/Character/Materials/MaterialLayers/T_ML_Aluminum01_N.uasset" 31
"D:/TPSDuel/Content/Mannequin/Character/Materials/MaterialLayers/T_ML_Aluminum01_N.uexp" 32
"D:/TPSDuel/Content/Mannequin/Character/Materials/MaterialLayers/T_ML_Aluminum01_N.ubulk" 33
"D:/TPSDuel/Content/Mannequin/Character/Materials/MaterialLayers/T_ML_Aluminum01.uasset" 34
"D:/TPSDuel/Content/Mannequin/Character/Materials/MaterialLayers/T_ML_Aluminum01.uexp" 35
"D:/TPSDuel/Content/Mannequin/Character/Materials/MaterialLayers/T_ML_Aluminum01.ubulk" 36
"D:/TPSDuel/Content/Mannequin/Character/Materials/MaterialLayers/ML_SoftMetal_UE4.uasset" 37
"D:/TPSDuel/Content/Mannequin/Character/Materials/MaterialLayers/ML_SoftMetal_UE4.uexp" 38
"D:/TPSDuel/Content/Mannequin/Character/Textures/UE4_LOGO_CARD.uasset" 39
"D:/TPSDuel/Content/Mannequin/Character/Textures/UE4_LOGO_CARD.uexp" 40
"D:/TPSDuel/Content/Mannequin/Character/Textures/UE4_LOGO_CARD.ubulk" 41
"D:/TPSDuel/Content/Mannequin/Character/Materials/MaterialLayers/ML_Plastic_Shiny_Beige_LOGO.uasset" 42
"D:/TPSDuel/Content/Mannequin/Character/Materials/MaterialLayers/ML_Plastic_Shiny_Beige_LOGO.uexp" 43
"D:/TPSDuel/Content/Mannequin/Character/Materials/MaterialLayers/ML_Plastic_Shiny_Beige.uasset" 44
"D:/TPSDuel/Content/Mannequin/Character/Materials/MaterialLayers/ML_Plastic_Shiny_Beige.uexp" 45
"D:/TPSDuel/Content/Mannequin/Character/Materials/MaterialLayers/T_ML_Rubber_Blue_01_N.uasset" 46
"D:/TPSDuel/Content/Mannequin/Character/Materials/MaterialLayers/T_ML_Rubber_Blue_01_N.uexp" 47
"D:/TPSDuel/Content/Mannequin/Character/Materials/MaterialLayers/T_ML_Rubber_Blue_01_N.ubulk" 48
"D:/TPSDuel/Content/Mannequin/Character/Materials/MaterialLayers/T_ML_Rubber_Blue_01_D.uasset" 49
"D:/TPSDuel/Content/Mannequin/Character/Materials/MaterialLayers/T_ML_Rubber_Blue_01_D.uexp" 50
"D:/TPSDuel/Content/Mannequin/Character/Materials/MaterialLayers/T_ML_Rubber_Blue_01_D.ubulk" 51
"D:/TPSDuel/Content/Mannequin/Character/Materials/MaterialLayers/ML_GlossyBlack_Latex_UE4.uasset" 52
"D:/TPSDuel/Content/Mannequin/Character/Materials/MaterialLayers/ML_GlossyBlack_Latex_UE4.uexp" 53
"../../../Engine/Content/Functions/MaterialLayerFunctions/MatLayerBlend_Simple.uasset" 54
"../../../Engine/Content/Functions/MaterialLayerFunctions/MatLayerBlend_Simple.uexp" 55
"../../../Engine/Content/Functions/Engine_MaterialFunctions02/Utility/BlendAngleCorrectedNormals.uasset" 56
"../../../Engine/Content/Functions/Engine_MaterialFunctions02/Utility/BlendAngleCorrectedNormals.uexp" 57
"../../../Engine/Content/Functions/MaterialLayerFunctions/MatLayerBlend_NormalBlend.uasset" 58
"../../../Engine/Content/Functions/MaterialLayerFunctions/MatLayerBlend_NormalBlend.uexp" 59
"D:/TPSDuel/Content/Mannequin/Character/Materials/M_UE4Man_Body.uasset" 60
"D:/TPSDuel/Content/Mannequin/Character/Materials/M_UE4Man_Body.uexp" 61
"D:/TPSDuel/Content/Mannequin/Character/Materials/M_UE4Man_ChestLogo.uasset" 62
"D:/TPSDuel/Content/Mannequin/Character/Materials/M_UE4Man_ChestLogo.uexp" 63
"D:/TPSDuel/Content/Mannequin/Character/Mesh/SK_Mannequin.uasset" 64
"D:/TPSDuel/Content/Mannequin/Character/Mesh/SK_Mannequin.uexp" 65
"D:/TPSDuel/Content/StarterContent/Textures/T_Brick_Clay_Old_N.uasset" 66
"D:/TPSDuel/Content/StarterContent/Textures/T_Brick_Clay_Old_N.uexp" 67
"D:/TPSDuel/Content/StarterContent/Textures/T_Brick_Clay_Old_N.ubulk" 68
"D:/TPSDuel/Content/StarterContent/Textures/T_Brick_Clay_Old_D.uasset" 69
"D:/TPSDuel/Content/StarterContent/Textures/T_Brick_Clay_Old_D.uexp" 70
"D:/TPSDuel/Content/StarterContent/Textures/T_Brick_Clay_Old_D.ubulk" 71
"D:/TPSDuel/Content/Materials/M_Brick.uasset" 72
"D:/TPSDuel/Content/Materials/M_Brick.uexp" 73
"D:/TPSDuel/Content/StarterContent/Textures/T_Concrete_Poured_N.uasset" 74
"D:/TPSDuel/Content/StarterContent/Textures/T_Concrete_Poured_N.uexp" 75
"D:/TPSDuel/Content/StarterContent/Textures/T_Concrete_Poured_N.ubulk" 76
"D:/TPSDuel/Content/StarterContent/Textures/T_Concrete_Poured_D.uasset" 77
"D:/TPSDuel/Content/StarterContent/Textures/T_Concrete_Poured_D.uexp" 78
"D:/TPSDuel/Content/StarterContent/Textures/T_Concrete_Poured_D.ubulk" 79
"D:/TPSDuel/Content/Materials/M_Concrete.uasset" 80
"D:/TPSDuel/Content/Materials/M_Concrete.uexp" 81
"D:/TPSDuel/Content/Materials/M_DuelColor.uasset" 82
"D:/TPSDuel/Content/Materials/M_DuelColor.uexp" 83
"D:/TPSDuel/Content/StarterContent/Textures/T_Metal_Steel_N.uasset" 84
"D:/TPSDuel/Content/StarterContent/Textures/T_Metal_Steel_N.uexp" 85
"D:/TPSDuel/Content/StarterContent/Textures/T_Metal_Steel_N.ubulk" 86
"D:/TPSDuel/Content/StarterContent/Textures/T_Metal_Steel_D.uasset" 87
"D:/TPSDuel/Content/StarterContent/Textures/T_Metal_Steel_D.uexp" 88
"D:/TPSDuel/Content/StarterContent/Textures/T_Metal_Steel_D.ubulk" 89
"D:/TPSDuel/Content/Materials/M_Metal.uasset" 90
"D:/TPSDuel/Content/Materials/M_Metal.uexp" 91
"D:/TPSDuel/Content/Materials/M_Sky.uasset" 92
"D:/TPSDuel/Content/Materials/M_Sky.uexp" 93
"D:/TPSDuel/Content/StarterContent/Textures/T_Wood_Pine_N.uasset" 94
"D:/TPSDuel/Content/StarterContent/Textures/T_Wood_Pine_N.uexp" 95
"D:/TPSDuel/Content/StarterContent/Textures/T_Wood_Pine_N.ubulk" 96
"D:/TPSDuel/Content/StarterContent/Textures/T_Wood_Pine_D.uasset" 97
"D:/TPSDuel/Content/StarterContent/Textures/T_Wood_Pine_D.uexp" 98
"D:/TPSDuel/Content/StarterContent/Textures/T_Wood_Pine_D.ubulk" 99
"D:/TPSDuel/Content/Materials/M_Wood.uasset" 100
"D:/TPSDuel/Content/Materials/M_Wood.uexp" 101
"D:/TPSDuel/Content/Materials/M_Paint.uasset" 102
"D:/TPSDuel/Content/Materials/M_Paint.uexp" 103
"../../../Engine/Content/Animation/DefaultAnimBoneCompressionSettings.uasset" 104
"../../../Engine/Content/Animation/DefaultAnimBoneCompressionSettings.uexp" 105
"../../../Engine/Content/Animation/DefaultAnimCurveCompressionSettings.uasset" 106
"../../../Engine/Content/Animation/DefaultAnimCurveCompressionSettings.uexp" 107
"../../../Engine/Content/EngineMaterials/T_Default_Material_Grid_N.uasset" 108
"../../../Engine/Content/EngineMaterials/T_Default_Material_Grid_N.uexp" 109
"../../../Engine/Content/EngineMaterials/T_Default_Material_Grid_N.ubulk" 110
"../../../Engine/Content/EngineMaterials/T_Default_Material_Grid_M.uasset" 111
"../../../Engine/Content/EngineMaterials/T_Default_Material_Grid_M.uexp" 112
"../../../Engine/Content/EngineMaterials/T_Default_Material_Grid_M.ubulk" 113
"../../../Engine/Content/Functions/Engine_MaterialFunctions01/Opacity/CameraDepthFade.uasset" 114
"../../../Engine/Content/Functions/Engine_MaterialFunctions01/Opacity/CameraDepthFade.uexp" 115
"../../../Engine/Content/EngineMaterials/WorldGridMaterial.uasset" 116
"../../../Engine/Content/EngineMaterials/WorldGridMaterial.uexp" 117
"../../../Engine/Content/ArtTools/RenderToTexture/Meshes/S_1_Unit_Plane.uasset" 118
"../../../Engine/Content/ArtTools/RenderToTexture/Meshes/S_1_Unit_Plane.uexp" 119
"../../../Engine/Content/EngineMaterials/DefaultMaterial.uasset" 120
"../../../Engine/Content/EngineMaterials/DefaultMaterial.uexp" 121
"../../../Engine/Content/BasicShapes/Cone.uasset" 122
"../../../Engine/Content/BasicShapes/Cone.uexp" 123
"../../../Engine/Content/BasicShapes/Cube.uasset" 124
"../../../Engine/Content/BasicShapes/Cube.uexp" 125
"../../../Engine/Content/BasicShapes/Plane.uasset" 126
"../../../Engine/Content/BasicShapes/Plane.uexp" 127
"../../../Engine/Content/BasicShapes/Sphere.uasset" 128
"../../../Engine/Content/BasicShapes/Sphere.uexp" 129
"../../../Engine/Content/EditorLandscapeResources/DataLayer.uasset" 130
"../../../Engine/Content/EditorLandscapeResources/DataLayer.uexp" 131
"../../../Engine/Content/EditorLandscapeResources/DefaultAlphaTexture.uasset" 132
"../../../Engine/Content/EditorLandscapeResources/DefaultAlphaTexture.uexp" 133
"../../../Engine/Content/EditorMaterials/MAT_Groups_Toggle.uasset" 134
"../../../Engine/Content/EditorMaterials/MAT_Groups_Toggle.uexp" 135
"../../../Engine/Content/EditorMaterials/MAT_Groups_Visibility.uasset" 136
"../../../Engine/Content/EditorMaterials/MAT_Groups_Visibility.uexp" 137
"../../../Engine/Content/EditorMaterials/PreviewShadowIndicator.uasset" 138
"../../../Engine/Content/EditorMaterials/PreviewShadowIndicator.uexp" 139
"../../../Engine/Content/EditorMaterials/PreviewShadowIndicator.ubulk" 140
"../../../Engine/Content/EditorMaterials/PreviewShadowIndicatorMaterial.uasset" 141
"../../../Engine/Content/EditorMaterials/PreviewShadowIndicatorMaterial.uexp" 142
"../../../Engine/Content/EditorMaterials/MatineeGroups/MAT_ColorTrack.uasset" 143
"../../../Engine/Content/EditorMaterials/MatineeGroups/MAT_ColorTrack.uexp" 144
"../../../Engine/Content/EditorMaterials/MatineeGroups/MAT_Groups_Anim.uasset" 145
"../../../Engine/Content/EditorMaterials/MatineeGroups/MAT_Groups_Anim.uexp" 146
"../../../Engine/Content/EditorMaterials/MatineeGroups/MAT_Groups_AudioMaster.uasset" 147
"../../../Engine/Content/EditorMaterials/MatineeGroups/MAT_Groups_AudioMaster.uexp" 148
"../../../Engine/Content/EditorMaterials/MatineeGroups/MAT_Groups_Director.uasset" 149
"../../../Engine/Content/EditorMaterials/MatineeGroups/MAT_Groups_Director.uexp" 150
"../../../Engine/Content/EditorMaterials/MatineeGroups/MAT_Groups_Event.uasset" 151
"../../../Engine/Content/EditorMaterials/MatineeGroups/MAT_Groups_Event.uexp" 152
"../../../Engine/Content/EditorMaterials/MatineeGroups/MAT_Groups_Fade.uasset" 153
"../../../Engine/Content/EditorMaterials/MatineeGroups/MAT_Groups_Fade.uexp" 154
"../../../Engine/Content/EditorMaterials/MatineeGroups/MAT_Groups_Float.uasset" 155
"../../../Engine/Content/EditorMaterials/MatineeGroups/MAT_Groups_Float.uexp" 156
"../../../Engine/Content/EditorMaterials/MatineeGroups/MAT_Groups_Move.uasset" 157
"../../../Engine/Content/EditorMaterials/MatineeGroups/MAT_Groups_Move.uexp" 158
"../../../Engine/Content/EditorMaterials/MatineeGroups/MAT_Groups_Slomo.uasset" 159
"../../../Engine/Content/EditorMaterials/MatineeGroups/MAT_Groups_Slomo.uexp" 160
"../../../Engine/Content/EditorMaterials/MatineeGroups/MAT_Groups_Sound.uasset" 161
"../../../Engine/Content/EditorMaterials/MatineeGroups/MAT_Groups_Sound.uexp" 162
"../../../Engine/Content/EditorMaterials/MatineeGroups/MAT_Groups_Vector.uasset" 163
"../../../Engine/Content/EditorMaterials/MatineeGroups/MAT_Groups_Vector.uexp" 164
"../../../Engine/Content/EditorMaterials/ParticleSystems/PSysThumbnail_NoImage.uasset" 165
"../../../Engine/Content/EditorMaterials/ParticleSystems/PSysThumbnail_NoImage.uexp" 166
"../../../Engine/Content/EditorMaterials/ParticleSystems/PSysThumbnail_NoImage.ubulk" 167
"../../../Engine/Content/EditorMaterials/ParticleSystems/PSysThumbnail_OOD.uasset" 168
"../../../Engine/Content/EditorMaterials/ParticleSystems/PSysThumbnail_OOD.uexp" 169
"../../../Engine/Content/EditorMaterials/ParticleSystems/PSysThumbnail_OOD.ubulk" 170
"../../../Engine/Content/EditorMaterials/Camera/CineMat.uasset" 171
"../../../Engine/Content/EditorMaterials/Camera/CineMat.uexp" 172
"../../../Engine/Content/EditorMaterials/Camera/MI_CineMat_Rig.uasset" 173
"../../../Engine/Content/EditorMaterials/Camera/MI_CineMat_Rig.uexp" 174
"../../../Engine/Content/EditorMeshes/Camera/SM_CraneRig_Arm.uasset" 175
"../../../Engine/Content/EditorMeshes/Camera/SM_CraneRig_Arm.uexp" 176
"../../../Engine/Content/EditorMeshes/Camera/SM_CraneRig_Base.uasset" 177
"../../../Engine/Content/EditorMeshes/Camera/SM_CraneRig_Base.uexp" 178
"../../../Engine/Content/EditorMeshes/Camera/SM_CraneRig_Body.uasset" 179
"../../../Engine/Content/EditorMeshes/Camera/SM_CraneRig_Body.uexp" 180
"../../../Engine/Content/EditorMeshes/Camera/SM_CraneRig_Mount.uasset" 181
"../../../Engine/Content/EditorMeshes/Camera/SM_CraneRig_Mount.uexp" 182
"../../../Engine/Content/EditorMeshes/Camera/SM_RailRig_Mount.uasset" 183
"../../../Engine/Content/EditorMeshes/Camera/SM_RailRig_Mount.uexp" 184
"../../../Engine/Content/EditorMeshes/Camera/SM_RailRig_Track.uasset" 185
"../../../Engine/Content/EditorMeshes/Camera/SM_RailRig_Track.uexp" 186
"../../../Engine/Content/EditorResources/BSPVertex.uasset" 187
"../../../Engine/Content/EditorResources/BSPVertex.uexp" 188
"../../../Engine/Content/EditorResources/S_Actor.uasset" 189
"../../../Engine/Content/EditorResources/S_Actor.uexp" 190
"../../../Engine/Content/EditorResources/S_Actor.ubulk" 191
"../../../Engine/Content/EditorResources/S_Note.uasset" 192
"../../../Engine/Content/EditorResources/S_Note.uexp" 193
"../../../Engine/Content/EditorResources/S_Note.ubulk" 194
"../../../Engine/Content/EditorResources/S_Solver.uasset" 195
"../../../Engine/Content/EditorResources/S_Solver.uexp" 196
"../../../Engine/Content/EditorResources/S_Solver.ubulk" 197
"../../../Engine/Content/EditorResources/S_Terrain.uasset" 198
"../../../Engine/Content/EditorResources/S_Terrain.uexp" 199
"../../../Engine/Content/EditorResources/S_Terrain.ubulk" 200
"../../../Engine/Content/EditorResources/S_Trigger.uasset" 201
"../../../Engine/Content/EditorResources/S_Trigger.uexp" 202
"../../../Engine/Content/EditorResources/S_Trigger.ubulk" 203
"../../../Engine/Content/EditorResources/SequenceRecorder/Countdown.uasset" 204
"../../../Engine/Content/EditorResources/SequenceRecorder/Countdown.uexp" 205
"../../../Engine/Content/EditorResources/SequenceRecorder/RecordingIndicator.uasset" 206
"../../../Engine/Content/EditorResources/SequenceRecorder/RecordingIndicator.uexp" 207
"../../../Engine/Content/EngineDamageTypes/DmgTypeBP_Environmental.uasset" 208
"../../../Engine/Content/EngineDamageTypes/DmgTypeBP_Environmental.uexp" 209
"../../../Engine/Content/EngineDebugMaterials/DebugEditorMaterial.uasset" 210
"../../../Engine/Content/EngineDebugMaterials/DebugEditorMaterial.uexp" 211
"../../../Engine/Content/EngineDebugMaterials/DebugMeshMaterial.uasset" 212
"../../../Engine/Content/EngineDebugMaterials/DebugMeshMaterial.uexp" 213
"../../../Engine/Content/EngineDebugMaterials/M_SimpleUnlitTranslucent.uasset" 214
"../../../Engine/Content/EngineDebugMaterials/M_SimpleUnlitTranslucent.uexp" 215
"../../../Engine/Content/EngineDebugMaterials/VolumeToRender.uasset" 216
"../../../Engine/Content/EngineDebugMaterials/VolumeToRender.uexp" 217
"../../../Engine/Content/Functions/Engine_MaterialFunctions02/Utility/CameraDirectionVector.uasset" 218
"../../../Engine/Content/Functions/Engine_MaterialFunctions02/Utility/CameraDirectionVector.uexp" 219
"../../../Engine/Content/EngineDebugMaterials/M_VolumeRenderSphereTracePP.uasset" 220
"../../../Engine/Content/EngineDebugMaterials/M_VolumeRenderSphereTracePP.uexp" 221
"../../../Engine/Content/Functions/Engine_MaterialFunctions01/Shading/ConvertFromDiffSpec.uasset" 222
"../../../Engine/Content/Functions/Engine_MaterialFunctions01/Shading/ConvertFromDiffSpec.uexp" 223
"../../../Engine/Content/EngineDebugMaterials/VertexColorMaterial.uasset" 224
"../../../Engine/Content/EngineDebugMaterials/VertexColorMaterial.uexp" 225
"../../../Engine/Content/EngineDebugMaterials/WireframeMaterial.uasset" 226
"../../../Engine/Content/EngineDebugMaterials/WireframeMaterial.uexp" 227
"../../../Engine/Content/EngineFonts/Faces/RobotoRegular.uasset" 228
"../../../Engine/Content/EngineFonts/Faces/RobotoRegular.uexp" 229
"../../../Engine/Content/EngineFonts/Faces/RobotoRegular.ufont" 230
"../../../Engine/Content/EngineFonts/Faces/RobotoLight.uasset" 231
"../../../Engine/Content/EngineFonts/Faces/RobotoLight.uexp" 232
"../../../Engine/Content/EngineFonts/Faces/RobotoLight.ufont" 233
"../../../Engine/Content/EngineFonts/Faces/RobotoItalic.uasset" 234
"../../../Engine/Content/EngineFonts/Faces/RobotoItalic.uexp" 235
"../../../Engine/Content/EngineFonts/Faces/RobotoItalic.ufont" 236
"../../../Engine/Content/EngineFonts/Faces/RobotoBoldItalic.uasset" 237
"../../../Engine/Content/EngineFonts/Faces/RobotoBoldItalic.uexp" 238
"../../../Engine/Content/EngineFonts/Faces/RobotoBoldItalic.ufont" 239
"../../../Engine/Content/EngineFonts/Faces/RobotoBold.uasset" 240
"../../../Engine/Content/EngineFonts/Faces/RobotoBold.uexp" 241
"../../../Engine/Content/EngineFonts/Faces/RobotoBold.ufont" 242
"../../../Engine/Content/EngineFonts/Faces/DroidSansFallback.uasset" 243
"../../../Engine/Content/EngineFonts/Faces/DroidSansFallback.uexp" 244
"../../../Engine/Content/EngineFonts/Faces/DroidSansFallback.ufont" 245
"../../../Engine/Content/EngineFonts/Roboto.uasset" 246
"../../../Engine/Content/EngineFonts/Roboto.uexp" 247
"../../../Engine/Content/EngineMaterials/BaseFlattenNormalMap.uasset" 248
"../../../Engine/Content/EngineMaterials/BaseFlattenNormalMap.uexp" 249
"../../../Engine/Content/EngineMaterials/BaseFlattenGrayscaleMap.uasset" 250
"../../../Engine/Content/EngineMaterials/BaseFlattenGrayscaleMap.uexp" 251
"../../../Engine/Content/EngineMaterials/BaseFlattenEmissiveMap.uasset" 252
"../../../Engine/Content/EngineMaterials/BaseFlattenEmissiveMap.uexp" 253
"../../../Engine/Content/EngineMaterials/BaseFlattenDiffuseMap.uasset" 254
"../../../Engine/Content/EngineMaterials/BaseFlattenDiffuseMap.uexp" 255
"../../../Engine/Content/EngineMaterials/BaseFlattenMaterial.uasset" 256
"../../../Engine/Content/EngineMaterials/BaseFlattenMaterial.uexp" 257
"../../../Engine/Content/EngineMaterials/BlueNoise.uasset" 258
"../../../Engine/Content/EngineMaterials/BlueNoise.uexp" 259
"../../../Engine/Content/EngineMaterials/DefaultBloomKernel.uasset" 260
"../../../Engine/Content/EngineMaterials/DefaultBloomKernel.uexp" 261
"../../../Engine/Content/EngineMaterials/DefaultBokeh.uasset" 262
"../../../Engine/Content/EngineMaterials/DefaultBokeh.uexp" 263
"../../../Engine/Content/EngineMaterials/DefaultDiffuse.uasset" 264
"../../../Engine/Content/EngineMaterials/DefaultDiffuse.uexp" 265
"../../../Engine/Content/EngineMaterials/DefaultDiffuse.ubulk" 266
"../../../Engine/Content/EngineMaterials/DefaultDeferredDecalMaterial.uasset" 267
"../../../Engine/Content/EngineMaterials/DefaultDeferredDecalMaterial.uexp" 268
"../../../Engine/Content/EngineMaterials/DefaultLightFunctionMaterial.uasset" 269
"../../../Engine/Content/EngineMaterials/DefaultLightFunctionMaterial.uexp" 270
"../../../Engine/Content/EngineMaterials/DefaultPhysicalMaterial.uasset" 271
"../../../Engine/Content/EngineMaterials/DefaultPhysicalMaterial.uexp" 272
"../../../Engine/Content/Functions/Engine_MaterialFunctions02/Utility/BreakOutFloat2Components.uasset" 273
"../../../Engine/Content/Functions/Engine_MaterialFunctions02/Utility/BreakOutFloat2Components.uexp" 274
"../../../Engine/Content/EngineMaterials/DefaultPostProcessMaterial.uasset" 275
"../../../Engine/Content/EngineMaterials/DefaultPostProcessMaterial.uexp" 276
"../../../Engine/Content/EngineFonts/RobotoDistanceField.uasset" 277
"../../../Engine/Content/EngineFonts/RobotoDistanceField.uexp" 278
"../../../Engine/Content/EngineMaterials/DefaultTextMaterialOpaque.uasset" 279
"../../../Engine/Content/EngineMaterials/DefaultTextMaterialOpaque.uexp" 280
"../../../Engine/Content/EngineMaterials/DefaultWhiteGrid.uasset" 281
"../../../Engine/Content/EngineMaterials/DefaultWhiteGrid.uexp" 282
"../../../Engine/Content/EngineMaterials/DefaultWhiteGrid.ubulk" 283
"../../../Engine/Content/EngineMaterials/DefaultWhiteGrid_Low.uasset" 284
"../../../Engine/Content/EngineMaterials/DefaultWhiteGrid_Low.uexp" 285
"../../../Engine/Content/EngineMaterials/EmissiveMeshMaterial.uasset" 286
"../../../Engine/Content/EngineMaterials/EmissiveMeshMaterial.uexp" 287
"../../../Engine/Content/EngineMaterials/GizmoMaterial.uasset" 288
"../../../Engine/Content/EngineMaterials/GizmoMaterial.uexp" 289
"../../../Engine/Content/EngineMaterials/Good64x64TilingNoiseHighFreq.uasset" 290
"../../../Engine/Content/EngineMaterials/Good64x64TilingNoiseHighFreq.uexp" 291
"../../../Engine/Content/EngineMaterials/MiniFont.uasset" 292
"../../../Engine/Content/EngineMaterials/MiniFont.uexp" 293
"../../../Engine/Content/EngineMaterials/InvalidLightmapSettings.uasset" 294
"../../../Engine/Content/EngineMaterials/InvalidLightmapSettings.uexp" 295
"../../../Engine/Content/EngineMaterials/InvalidLightmapSettings.ubulk" 296
"../../../Engine/Content/EngineMaterials/M_InvalidLightmapSettings.uasset" 297
"../../../Engine/Content/EngineMaterials/M_InvalidLightmapSettings.uexp" 298
"../../../Engine/Content/Functions/Engine_MaterialFunctions02/WorldPositionOffset/CameraOffset.uasset" 299
"../../../Engine/Content/Functions/Engine_MaterialFunctions02/WorldPositionOffset/CameraOffset.uexp" 300
"../../../Engine/Content/EngineMaterials/PhAT_JointLimitMaterial.uasset" 301
"../../../Engine/Content/EngineMaterials/PhAT_JointLimitMaterial.uexp" 302
"../../../Engine/Content/EngineMaterials/DefaultCalibrationColor.uasset" 303
"../../../Engine/Content/EngineMaterials/DefaultCalibrationColor.uexp" 304
"../../../Engine/Content/EngineMaterials/PPM_DefaultCalibrationColor.uasset" 305
"../../../Engine/Content/EngineMaterials/PPM_DefaultCalibrationColor.uexp" 306
"../../../Engine/Content/EngineMaterials/DefaultCalibrationGrayscale.uasset" 307
"../../../Engine/Content/EngineMaterials/DefaultCalibrationGrayscale.uexp" 308
"../../../Engine/Content/EngineMaterials/PPM_DefaultCalibrationGrayscale.uasset" 309
"../../../Engine/Content/EngineMaterials/PPM_DefaultCalibrationGrayscale.uexp" 310
"../../../Engine/Content/EngineMaterials/PreintegratedSkinBRDF.uasset" 311
"../../../Engine/Content/EngineMaterials/PreintegratedSkinBRDF.uexp" 312
"../../../Engine/Content/EngineMaterials/RemoveSurfaceMaterial.uasset" 313
"../../../Engine/Content/EngineMaterials/RemoveSurfaceMaterial.uexp" 314
"../../../Engine/Content/EngineMaterials/WeightMapPlaceholderTexture.uasset" 315
"../../../Engine/Content/EngineMaterials/WeightMapPlaceholderTexture.uexp" 316
"../../../Engine/Content/EngineResources/WhiteSquareTexture.uasset" 317
"../../../Engine/Content/EngineResources/WhiteSquareTexture.uexp" 318
"../../../Engine/Content/EngineMaterials/Widget3DPassThrough.uasset" 319
"../../../Engine/Content/EngineMaterials/Widget3DPassThrough.uexp" 320
"../../../Engine/Content/EngineMaterials/Widget3DPassThrough_Masked.uasset" 321
"../../../Engine/Content/EngineMaterials/Widget3DPassThrough_Masked.uexp" 322
"../../../Engine/Content/EngineMaterials/Widget3DPassThrough_Opaque.uasset" 323
"../../../Engine/Content/EngineMaterials/Widget3DPassThrough_Opaque.uexp" 324
"../../../Engine/Content/EngineMaterials/Widget3DPassThrough_Masked_OneSided.uasset" 325
"../../../Engine/Content/EngineMaterials/Widget3DPassThrough_Masked_OneSided.uexp" 326
"../../../Engine/Content/EngineMaterials/Widget3DPassThrough_Opaque_OneSided.uasset" 327
"../../../Engine/Content/EngineMaterials/Widget3DPassThrough_Opaque_OneSided.uexp" 328
"../../../Engine/Content/EngineMaterials/Widget3DPassThrough_Translucent.uasset" 329
"../../../Engine/Content/EngineMaterials/Widget3DPassThrough_Translucent.uexp" 330
"../../../Engine/Content/EngineMaterials/Widget3DPassThrough_Translucent_OneSided.uasset" 331
"../../../Engine/Content/EngineMaterials/Widget3DPassThrough_Translucent_OneSided.uexp" 332
"../../../Engine/Content/EngineMeshes/Cylinder.uasset" 333
"../../../Engine/Content/EngineMeshes/Cylinder.uexp" 334
"../../../Engine/Content/EngineMeshes/Sphere.uasset" 335
"../../../Engine/Content/EngineMeshes/Sphere.uexp" 336
"../../../Engine/Content/EngineResources/Black.uasset" 337
"../../../Engine/Content/EngineResources/Black.uexp" 338
"../../../Engine/Content/EngineResources/DefaultTexture.uasset" 339
"../../../Engine/Content/EngineResources/DefaultTexture.uexp" 340
"../../../Engine/Content/EngineResources/DefaultTexture.ubulk" 341
"../../../Engine/Content/EngineResources/DefaultTextureCube.uasset" 342
"../../../Engine/Content/EngineResources/DefaultTextureCube.uexp" 343
"../../../Engine/Content/EngineResources/DefaultVolumeTexture2D.uasset" 344
"../../../Engine/Content/EngineResources/DefaultVolumeTexture2D.uexp" 345
"../../../Engine/Content/EngineResources/DefaultVolumeTexture.uasset" 346
"../../../Engine/Content/EngineResources/DefaultVolumeTexture.uexp" 347
"../../../Engine/Content/EngineResources/GradientTexture0.uasset" 348
"../../../Engine/Content/EngineResources/GradientTexture0.uexp" 349
"../../../Engine/Content/EngineSky/VolumetricClouds/T_NoiseShape64.uasset" 350
"../../../Engine/Content/EngineSky/VolumetricClouds/T_NoiseShape64.uexp" 351
"../../../Engine/Content/EngineSky/VolumetricClouds/T_NoiseShape64.ubulk" 352
"../../../Engine/Content/EngineSky/VolumetricClouds/T_VolumeNoiseShape64.uasset" 353
"../../../Engine/Content/EngineSky/VolumetricClouds/T_VolumeNoiseShape64.uexp" 354
"../../../Engine/Content/EngineSky/VolumetricClouds/T_NoiseErosion.uasset" 355
"../../../Engine/Content/EngineSky/VolumetricClouds/T_NoiseErosion.uexp" 356
"../../../Engine/Content/EngineSky/VolumetricClouds/T_NoiseErosion.ubulk" 357
"../../../Engine/Content/EngineSky/VolumetricClouds/T_VolumeNoiseErosion32.uasset" 358
"../../../Engine/Content/EngineSky/VolumetricClouds/T_VolumeNoiseErosion32.uexp" 359
"../../../Engine/Content/EngineSky/VolumetricClouds/CloudWeatherTexture.uasset" 360
"../../../Engine/Content/EngineSky/VolumetricClouds/CloudWeatherTexture.uexp" 361
"../../../Engine/Content/EngineSky/VolumetricClouds/CloudGradientTexture.uasset" 362
"../../../Engine/Content/EngineSky/VolumetricClouds/CloudGradientTexture.uexp" 363
"../../../Engine/Content/Functions/Engine_MaterialFunctions02/Utility/MakeFloat2.uasset" 364
"../../../Engine/Content/Functions/Engine_MaterialFunctions02/Utility/MakeFloat2.uexp" 365
"../../../Engine/Content/EngineSky/VolumetricClouds/m_SimpleVolumetricCloud.uasset" 366
"../../../Engine/Content/EngineSky/VolumetricClouds/m_SimpleVolumetricCloud.uexp" 367
"../../../Engine/Content/EngineSky/VolumetricClouds/m_SimpleVolumetricCloud_Inst.uasset" 368
"../../../Engine/Content/EngineSky/VolumetricClouds/m_SimpleVolumetricCloud_Inst.uexp" 369
"../../../Engine/Content/EngineSounds/Master.uasset" 370
"../../../Engine/Content/EngineSounds/Master.uexp" 371
"../../../Engine/Content/Functions/Engine_MaterialFunctions01/Shading/PowerToRoughness.uasset" 372
"../../../Engine/Content/Functions/Engine_MaterialFunctions01/Shading/PowerToRoughness.uexp" 373
"../../../Engine/Content/Maps/Templates/Thumbnails/Default.uasset" 374
"../../../Engine/Content/Maps/Templates/Thumbnails/Default.uexp" 375
"../../../Engine/Content/Maps/Templates/Thumbnails/TimeOfDay.uasset" 376
"../../../Engine/Content/Maps/Templates/Thumbnails/TimeOfDay.uexp" 377
"../../../Engine/Content/Maps/Templates/Thumbnails/VR-Basic.uasset" 378
"../../../Engine/Content/Maps/Templates/Thumbnails/VR-Basic.uexp" 379
"../../../Engine/Content/MobileResources/T_MobileControls_texture.uasset" 380
"../../../Engine/Content/MobileResources/T_MobileControls_texture.uexp" 381
"../../../Engine/Content/MobileResources/T_MobileMenu2.uasset" 382
"../../../Engine/Content/MobileResources/T_MobileMenu2.uexp" 383
"../../../Engine/Content/MobileResources/HUD/AnalogHat.uasset" 384
"../../../Engine/Content/MobileResources/HUD/AnalogHat.uexp" 385
"../../../Engine/Content/MobileResources/HUD/VirtualJoystick_Thumb.uasset" 386
"../../../Engine/Content/MobileResources/HUD/VirtualJoystick_Thumb.uexp" 387
"../../../Engine/Content/MobileResources/HUD/VirtualJoystick_Background.uasset" 388
"../../../Engine/Content/MobileResources/HUD/VirtualJoystick_Background.uexp" 389
"../../../Engine/Content/MobileResources/HUD/DefaultVirtualJoysticks.uasset" 390
"../../../Engine/Content/MobileResources/HUD/DefaultVirtualJoysticks.uexp" 391
"../../../Engine/Content/MobileResources/HUD/LeftVirtualJoystickOnly.uasset" 392
"../../../Engine/Content/MobileResources/HUD/LeftVirtualJoystickOnly.uexp" 393
"../../../Engine/Content/MobileResources/HUD/MobileHUDButton1_off.uasset" 394
"../../../Engine/Content/MobileResources/HUD/MobileHUDButton1_off.uexp" 395
"../../../Engine/Content/MobileResources/HUD/MobileHUDButton1_on.uasset" 396
"../../../Engine/Content/MobileResources/HUD/MobileHUDButton1_on.uexp" 397
"../../../Engine/Content/MobileResources/HUD/MobileHUDButton2_off.uasset" 398
"../../../Engine/Content/MobileResources/HUD/MobileHUDButton2_off.uexp" 399
"../../../Engine/Content/MobileResources/HUD/MobileHUDButton2_on.uasset" 400
"../../../Engine/Content/MobileResources/HUD/MobileHUDButton2_on.uexp" 401
"../../../Engine/Content/MobileResources/HUD/MobileHUDButton3.uasset" 402
"../../../Engine/Content/MobileResources/HUD/MobileHUDButton3.uexp" 403
"../../../Engine/Content/MobileResources/HUD/MobileHUDButtonFire.uasset" 404
"../../../Engine/Content/MobileResources/HUD/MobileHUDButtonFire.uexp" 405
"../../../Engine/Content/MobileResources/HUD/MobileHUDDirectionPad.uasset" 406
"../../../Engine/Content/MobileResources/HUD/MobileHUDDirectionPad.uexp" 407
"../../../Engine/Content/MobileResources/HUD/MobileHUDDirectionPad2.uasset" 408
"../../../Engine/Content/MobileResources/HUD/MobileHUDDirectionPad2.uexp" 409
"../../../Engine/Content/MobileResources/HUD/MobileHUDDirectionPad3.uasset" 410
"../../../Engine/Content/MobileResources/HUD/MobileHUDDirectionPad3.uexp" 411
"../../../Engine/Content/MobileResources/HUD/MobileHUDDirectionStick.uasset" 412
"../../../Engine/Content/MobileResources/HUD/MobileHUDDirectionStick.uexp" 413
"../../../Engine/Content/MobileResources/HUD/T_Castle_ThumbstickInner.uasset" 414
"../../../Engine/Content/MobileResources/HUD/T_Castle_ThumbstickInner.uexp" 415
"../../../Engine/Content/MobileResources/HUD/T_Castle_ThumbstickOutter.uasset" 416
"../../../Engine/Content/MobileResources/HUD/T_Castle_ThumbstickOutter.uexp" 417
"../../../Engine/Content/Tutorial/ContentIntroCurve.uasset" 418
"../../../Engine/Content/Tutorial/ContentIntroCurve.uexp" 419
"../../../Engine/Content/VREditor/TransformGizmo/TranslucentTransformGizmoMaterial.uasset" 420
"../../../Engine/Content/VREditor/TransformGizmo/TranslucentTransformGizmoMaterial.uexp" 421
"../../../Engine/Content/VREditor/LaserPointer/VR_LaserPower_01.uasset" 422
"../../../Engine/Content/VREditor/LaserPointer/VR_LaserPower_01.uexp" 423
"../../../Engine/Content/VREditor/LaserPointer/VR_LaserPower_01.ubulk" 424
"../../../Engine/Content/VREditor/TransformGizmo/TransformGizmoMaterial.uasset" 425
"../../../Engine/Content/VREditor/TransformGizmo/TransformGizmoMaterial.uexp" 426
"../../../Engine/Content/VREditor/TransformGizmo/BoundingBoxCorner.uasset" 427
"../../../Engine/Content/VREditor/TransformGizmo/BoundingBoxCorner.uexp" 428
"../../../Engine/Content/VREditor/TransformGizmo/BoundingBoxEdge.uasset" 429
"../../../Engine/Content/VREditor/TransformGizmo/BoundingBoxEdge.uexp" 430
"../../../Engine/Content/VREditor/TransformGizmo/PlaneTranslationHandle.uasset" 431
"../../../Engine/Content/VREditor/TransformGizmo/PlaneTranslationHandle.uexp" 432
"../../../Engine/Content/VREditor/TransformGizmo/Xray.uasset" 433
"../../../Engine/Content/VREditor/TransformGizmo/Xray.uexp" 434
"../../../Engine/Content/VREditor/TransformGizmo/Main.uasset" 435
"../../../Engine/Content/VREditor/TransformGizmo/Main.uexp" 436
"../../../Engine/Content/VREditor/TransformGizmo/SM_Sequencer_Key.uasset" 437
"../../../Engine/Content/VREditor/TransformGizmo/SM_Sequencer_Key.uexp" 438
"../../../Engine/Content/VREditor/TransformGizmo/SM_Sequencer_Node.uasset" 439
"../../../Engine/Content/VREditor/TransformGizmo/SM_Sequencer_Node.uexp" 440
"../../../Engine/Plugins/2D/Paper2D/Content/PlaceholderTextures/DummySpriteTexture.uasset" 441
"../../../Engine/Plugins/2D/Paper2D/Content/PlaceholderTextures/DummySpriteTexture.uexp" 442
"../../../Engine/Plugins/2D/Paper2D/Content/PlaceholderTextures/DummySpriteTexture.ubulk" 443
"../../../Engine/Plugins/2D/Paper2D/Content/DummySprite.uasset" 444
"../../../Engine/Plugins/2D/Paper2D/Content/DummySprite.uexp" 445
"../../../Engine/Plugins/2D/Paper2D/Content/DefaultPaperTerrainMaterial.uasset" 446
"../../../Engine/Plugins/2D/Paper2D/Content/DefaultPaperTerrainMaterial.uexp" 447
"../../../Engine/Plugins/2D/Paper2D/Content/DefaultSpriteMaterial.uasset" 448
"../../../Engine/Plugins/2D/Paper2D/Content/DefaultSpriteMaterial.uexp" 449
"../../../Engine/Plugins/2D/Paper2D/Content/MaskedUnlitSpriteMaterial.uasset" 450
"../../../Engine/Plugins/2D/Paper2D/Content/MaskedUnlitSpriteMaterial.uexp" 451
"../../../Engine/Plugins/2D/Paper2D/Content/OpaqueUnlitSpriteMaterial.uasset" 452
"../../../Engine/Plugins/2D/Paper2D/Content/OpaqueUnlitSpriteMaterial.uexp" 453
"../../../Engine/Content/Functions/Engine_MaterialFunctions02/Utility/VectorLength.uasset" 454
"../../../Engine/Content/Functions/Engine_MaterialFunctions02/Utility/VectorLength.uexp" 455
"../../../Engine/Content/Functions/Engine_MaterialFunctions02/ObjectLocalBounds.uasset" 456
"../../../Engine/Content/Functions/Engine_MaterialFunctions02/ObjectLocalBounds.uexp" 457
"../../../Engine/Content/Functions/Engine_MaterialFunctions02/Utility/BreakOutFloat3Components.uasset" 458
"../../../Engine/Content/Functions/Engine_MaterialFunctions02/Utility/BreakOutFloat3Components.uexp" 459
"../../../Engine/Plugins/Editor/SpeedTreeImporter/Content/SpeedTree9/UnpackInteger3.uasset" 460
"../../../Engine/Plugins/Editor/SpeedTreeImporter/Content/SpeedTree9/UnpackInteger3.uexp" 461
"../../../Engine/Plugins/Editor/SpeedTreeImporter/Content/SpeedTree9/UnpackDirection.uasset" 462
"../../../Engine/Plugins/Editor/SpeedTreeImporter/Content/SpeedTree9/UnpackDirection.uexp" 463
"../../../Engine/Plugins/Editor/SpeedTreeImporter/Content/SpeedTree9/game_wind_noise.uasset" 464
"../../../Engine/Plugins/Editor/SpeedTreeImporter/Content/SpeedTree9/game_wind_noise.uexp" 465
"../../../Engine/Plugins/Editor/SpeedTreeImporter/Content/SpeedTree9/game_wind_noise.ubulk" 466
"../../../Engine/Content/Functions/Engine_MaterialFunctions02/SafeNormalize.uasset" 467
"../../../Engine/Content/Functions/Engine_MaterialFunctions02/SafeNormalize.uexp" 468
"../../../Engine/Plugins/Editor/SpeedTreeImporter/Content/SpeedTree9/SpeedTreeWindMotion.uasset" 469
"../../../Engine/Plugins/Editor/SpeedTreeImporter/Content/SpeedTree9/SpeedTreeWindMotion.uexp" 470
"../../../Engine/Plugins/Editor/SpeedTreeImporter/Content/SpeedTree9/SpeedTreeBranchMotion.uasset" 471
"../../../Engine/Plugins/Editor/SpeedTreeImporter/Content/SpeedTree9/SpeedTreeBranchMotion.uexp" 472
"../../../Engine/Content/Functions/Engine_MaterialFunctions02/UVs/BoundingBoxBased_0-1_UVW.uasset" 473
"../../../Engine/Content/Functions/Engine_MaterialFunctions02/UVs/BoundingBoxBased_0-1_UVW.uexp" 474
"../../../Engine/Content/Functions/Engine_MaterialFunctions02/WorldPositionOffset/ObjectScale.uasset" 475
"../../../Engine/Content/Functions/Engine_MaterialFunctions02/WorldPositionOffset/ObjectScale.uexp" 476
"../../../Engine/Plugins/Editor/SpeedTreeImporter/Content/SpeedTree9/SpeedTreeWind.uasset" 477
"../../../Engine/Plugins/Editor/SpeedTreeImporter/Content/SpeedTree9/SpeedTreeWind.uexp" 478
"../../../Engine/Plugins/Editor/SpeedTreeImporter/Content/SpeedTree9/SpeedTreeBillboard.uasset" 479
"../../../Engine/Plugins/Editor/SpeedTreeImporter/Content/SpeedTree9/SpeedTreeBillboard.uexp" 480
"../../../Engine/Plugins/Editor/SpeedTreeImporter/Content/SpeedTree9/EmptyNormal.uasset" 481
"../../../Engine/Plugins/Editor/SpeedTreeImporter/Content/SpeedTree9/EmptyNormal.uexp" 482
"../../../Engine/Plugins/Editor/SpeedTreeImporter/Content/SpeedTree9/Empty.uasset" 483
"../../../Engine/Plugins/Editor/SpeedTreeImporter/Content/SpeedTree9/Empty.uexp" 484
"../../../Engine/Plugins/Editor/SpeedTreeImporter/Content/SpeedTree9/SpeedTreeBillboardMaster.uasset" 485
"../../../Engine/Plugins/Editor/SpeedTreeImporter/Content/SpeedTree9/SpeedTreeBillboardMaster.uexp" 486
"../../../Engine/Plugins/Editor/SpeedTreeImporter/Content/SpeedTree9/SpeedTreeCameraFacing.uasset" 487
"../../../Engine/Plugins/Editor/SpeedTreeImporter/Content/SpeedTree9/SpeedTreeCameraFacing.uexp" 488
"../../../Engine/Plugins/Editor/SpeedTreeImporter/Content/SpeedTree9/SpeedTreeMaster.uasset" 489
"../../../Engine/Plugins/Editor/SpeedTreeImporter/Content/SpeedTree9/SpeedTreeMaster.uexp" 490
"../../../Engine/Content/ArtTools/RenderToTexture/Materials/Debug/M_Emissive_Color.uasset" 491
"../../../Engine/Content/ArtTools/RenderToTexture/Materials/Debug/M_Emissive_Color.uexp" 492
"../../../Engine/Content/BasicShapes/Cylinder.uasset" 493
"../../../Engine/Content/BasicShapes/Cylinder.uexp" 494
"../../../Engine/Plugins/Lumin/MagicLeapPassableWorld/Content/MagicLeapARPinInfoActor.uasset" 495
"../../../Engine/Plugins/Lumin/MagicLeapPassableWorld/Content/MagicLeapARPinInfoActor.uexp" 496
"D:/TPSDuel/Content/Maps/L_Arena.uexp" 497
"D:/TPSDuel/Content/Maps/L_Arena.umap" 498
"D:/TPSDuel/Content/Maps/L_Menu.uexp" 499
"D:/TPSDuel/Content/Maps/L_Menu.umap" 500
