"D:/TPSDuel/Content/Audio/S_Fire.uasset" 0
"D:/TPSDuel/Content/Audio/S_Fire.uexp" 1
"D:/TPSDuel/Content/FreeAssets/PolyHaven/Barrel/T_Barrel_ARM.uasset" 2
"D:/TPSDuel/Content/FreeAssets/PolyHaven/Barrel/T_Barrel_ARM.uexp" 3
"D:/TPSDuel/Content/FreeAssets/PolyHaven/Barrel/T_Barrel_ARM.ubulk" 4
"D:/TPSDuel/Content/FreeAssets/PolyHaven/Barrel/T_Barrel_BaseColor.uasset" 5
"D:/TPSDuel/Content/FreeAssets/PolyHaven/Barrel/T_Barrel_BaseColor.uexp" 6
"D:/TPSDuel/Content/FreeAssets/PolyHaven/Barrel/T_Barrel_BaseColor.ubulk" 7
"D:/TPSDuel/Content/FreeAssets/PolyHaven/Barrel/T_Barrel_Normal.uasset" 8
"D:/TPSDuel/Content/FreeAssets/PolyHaven/Barrel/T_Barrel_Normal.uexp" 9
"D:/TPSDuel/Content/FreeAssets/PolyHaven/Barrel/T_Barrel_Normal.ubulk" 10
"D:/TPSDuel/Content/Materials/M_Barrel.uasset" 11
"D:/TPSDuel/Content/Materials/M_Barrel.uexp" 12
"D:/TPSDuel/Content/FreeAssets/PolyHaven/Barrel/SM_Barrel.uasset" 13
"D:/TPSDuel/Content/FreeAssets/PolyHaven/Barrel/SM_Barrel.uexp" 14
"D:/TPSDuel/Content/FreeAssets/PolyHaven/MilitaryCrate/T_MilitaryCrate_Normal.uasset" 15
"D:/TPSDuel/Content/FreeAssets/PolyHaven/MilitaryCrate/T_MilitaryCrate_Normal.uexp" 16
"D:/TPSDuel/Content/FreeAssets/PolyHaven/MilitaryCrate/T_MilitaryCrate_Normal.ubulk" 17
"D:/TPSDuel/Content/FreeAssets/PolyHaven/MilitaryCrate/T_MilitaryCrate_BaseColor.uasset" 18
"D:/TPSDuel/Content/FreeAssets/PolyHaven/MilitaryCrate/T_MilitaryCrate_BaseColor.uexp" 19
"D:/TPSDuel/Content/FreeAssets/PolyHaven/MilitaryCrate/T_MilitaryCrate_BaseColor.ubulk" 20
"D:/TPSDuel/Content/FreeAssets/PolyHaven/MilitaryCrate/T_MilitaryCrate_ARM.uasset" 21
"D:/TPSDuel/Content/FreeAssets/PolyHaven/MilitaryCrate/T_MilitaryCrate_ARM.uexp" 22
"D:/TPSDuel/Content/FreeAssets/PolyHaven/MilitaryCrate/T_MilitaryCrate_ARM.ubulk" 23
"D:/TPSDuel/Content/Materials/M_MilitaryCrate.uasset" 24
"D:/TPSDuel/Content/Materials/M_MilitaryCrate.uexp" 25
"D:/TPSDuel/Content/FreeAssets/PolyHaven/MilitaryCrate/SM_MilitaryCrate.uasset" 26
"D:/TPSDuel/Content/FreeAssets/PolyHaven/MilitaryCrate/SM_MilitaryCrate.uexp" 27
"../../../Engine/Content/EditorBlueprintResources/StandardMacros.uasset" 28
"../../../Engine/Content/EditorBlueprintResources/StandardMacros.uexp" 29
"D:/TPSDuel/Content/Mannequin/Character/Mesh/SK_Mannequin_Skeleton.uasset" 30
"D:/TPSDuel/Content/Mannequin/Character/Mesh/SK_Mannequin_Skeleton.uexp" 31
"D:/TPSDuel/Content/Mannequin/Animations/ThirdPersonWalk.uasset" 32
"D:/TPSDuel/Content/Mannequin/Animations/ThirdPersonWalk.uexp" 33
"D:/TPSDuel/Content/Mannequin/Animations/ThirdPersonRun.uasset" 34
"D:/TPSDuel/Content/Mannequin/Animations/ThirdPersonRun.uexp" 35
"D:/TPSDuel/Content/Mannequin/Animations/ThirdPersonIdle.uasset" 36
"D:/TPSDuel/Content/Mannequin/Animations/ThirdPersonIdle.uexp" 37
"D:/TPSDuel/Content/Mannequin/Animations/ThirdPerson_IdleRun_2D.uasset" 38
"D:/TPSDuel/Content/Mannequin/Animations/ThirdPerson_IdleRun_2D.uexp" 39
"D:/TPSDuel/Content/Mannequin/Animations/ThirdPersonJump_Start.uasset" 40
"D:/TPSDuel/Content/Mannequin/Animations/ThirdPersonJump_Start.uexp" 41
"D:/TPSDuel/Content/Mannequin/Animations/ThirdPersonJump_Loop.uasset" 42
"D:/TPSDuel/Content/Mannequin/Animations/ThirdPersonJump_Loop.uexp" 43
"D:/TPSDuel/Content/Mannequin/Animations/ThirdPersonJump_End.uasset" 44
"D:/TPSDuel/Content/Mannequin/Animations/ThirdPersonJump_End.uexp" 45
"D:/TPSDuel/Content/Mannequin/Animations/ThirdPerson_AnimBP.uasset" 46
"D:/TPSDuel/Content/Mannequin/Animations/ThirdPerson_AnimBP.uexp" 47
"D:/TPSDuel/Content/Mannequin/Character/Textures/UE4Man_Logo_N.uasset" 48
"D:/TPSDuel/Content/Mannequin/Character/Textures/UE4Man_Logo_N.uexp" 49
"D:/TPSDuel/Content/Mannequin/Character/Textures/UE4Man_Logo_N.ubulk" 50
"D:/TPSDuel/Content/Mannequin/Character/Textures/T_UE4_Mannequin_Mobile_N.uasset" 51
"D:/TPSDuel/Content/Mannequin/Character/Textures/T_UE4_Mannequin_Mobile_N.uexp" 52
"D:/TPSDuel/Content/Mannequin/Character/Textures/T_UE4_Mannequin_Mobile_N.ubulk" 53
"D:/TPSDuel/Content/Mannequin/Character/Textures/T_UE4_Mannequin_Mobile_M.uasset" 54
"D:/TPSDuel/Content/Mannequin/Character/Textures/T_UE4_Mannequin_Mobile_M.uexp" 55
"D:/TPSDuel/Content/Mannequin/Character/Textures/T_UE4_Mannequin_Mobile_M.ubulk" 56
"D:/TPSDuel/Content/Mannequin/Character/Materials/MaterialLayers/T_ML_Aluminum01_N.uasset" 57
"D:/TPSDuel/Content/Mannequin/Character/Materials/MaterialLayers/T_ML_Aluminum01_N.uexp" 58
"D:/TPSDuel/Content/Mannequin/Character/Materials/MaterialLayers/T_ML_Aluminum01_N.ubulk" 59
"D:/TPSDuel/Content/Mannequin/Character/Materials/MaterialLayers/T_ML_Aluminum01.uasset" 60
"D:/TPSDuel/Content/Mannequin/Character/Materials/MaterialLayers/T_ML_Aluminum01.uexp" 61
"D:/TPSDuel/Content/Mannequin/Character/Materials/MaterialLayers/T_ML_Aluminum01.ubulk" 62
"D:/TPSDuel/Content/Mannequin/Character/Materials/MaterialLayers/ML_SoftMetal_UE4.uasset" 63
"D:/TPSDuel/Content/Mannequin/Character/Materials/MaterialLayers/ML_SoftMetal_UE4.uexp" 64
"D:/TPSDuel/Content/Mannequin/Character/Textures/UE4_LOGO_CARD.uasset" 65
"D:/TPSDuel/Content/Mannequin/Character/Textures/UE4_LOGO_CARD.uexp" 66
"D:/TPSDuel/Content/Mannequin/Character/Textures/UE4_LOGO_CARD.ubulk" 67
"D:/TPSDuel/Content/Mannequin/Character/Materials/MaterialLayers/ML_Plastic_Shiny_Beige_LOGO.uasset" 68
"D:/TPSDuel/Content/Mannequin/Character/Materials/MaterialLayers/ML_Plastic_Shiny_Beige_LOGO.uexp" 69
"D:/TPSDuel/Content/Mannequin/Character/Materials/MaterialLayers/ML_Plastic_Shiny_Beige.uasset" 70
"D:/TPSDuel/Content/Mannequin/Character/Materials/MaterialLayers/ML_Plastic_Shiny_Beige.uexp" 71
"D:/TPSDuel/Content/Mannequin/Character/Materials/MaterialLayers/T_ML_Rubber_Blue_01_N.uasset" 72
"D:/TPSDuel/Content/Mannequin/Character/Materials/MaterialLayers/T_ML_Rubber_Blue_01_N.uexp" 73
"D:/TPSDuel/Content/Mannequin/Character/Materials/MaterialLayers/T_ML_Rubber_Blue_01_N.ubulk" 74
"D:/TPSDuel/Content/Mannequin/Character/Materials/MaterialLayers/T_ML_Rubber_Blue_01_D.uasset" 75
"D:/TPSDuel/Content/Mannequin/Character/Materials/MaterialLayers/T_ML_Rubber_Blue_01_D.uexp" 76
"D:/TPSDuel/Content/Mannequin/Character/Materials/MaterialLayers/T_ML_Rubber_Blue_01_D.ubulk" 77
"D:/TPSDuel/Content/Mannequin/Character/Materials/MaterialLayers/ML_GlossyBlack_Latex_UE4.uasset" 78
"D:/TPSDuel/Content/Mannequin/Character/Materials/MaterialLayers/ML_GlossyBlack_Latex_UE4.uexp" 79
"../../../Engine/Content/Functions/MaterialLayerFunctions/MatLayerBlend_Simple.uasset" 80
"../../../Engine/Content/Functions/MaterialLayerFunctions/MatLayerBlend_Simple.uexp" 81
"../../../Engine/Content/Functions/Engine_MaterialFunctions02/Utility/BlendAngleCorrectedNormals.uasset" 82
"../../../Engine/Content/Functions/Engine_MaterialFunctions02/Utility/BlendAngleCorrectedNormals.uexp" 83
"../../../Engine/Content/Functions/MaterialLayerFunctions/MatLayerBlend_NormalBlend.uasset" 84
"../../../Engine/Content/Functions/MaterialLayerFunctions/MatLayerBlend_NormalBlend.uexp" 85
"D:/TPSDuel/Content/Mannequin/Character/Materials/M_UE4Man_Body.uasset" 86
"D:/TPSDuel/Content/Mannequin/Character/Materials/M_UE4Man_Body.uexp" 87
"D:/TPSDuel/Content/Mannequin/Character/Materials/M_UE4Man_ChestLogo.uasset" 88
"D:/TPSDuel/Content/Mannequin/Character/Materials/M_UE4Man_ChestLogo.uexp" 89
"D:/TPSDuel/Content/Mannequin/Character/Mesh/SK_Mannequin.uasset" 90
"D:/TPSDuel/Content/Mannequin/Character/Mesh/SK_Mannequin.uexp" 91
"D:/TPSDuel/Content/StarterContent/Textures/T_Brick_Clay_Old_N.uasset" 92
"D:/TPSDuel/Content/StarterContent/Textures/T_Brick_Clay_Old_N.uexp" 93
"D:/TPSDuel/Content/StarterContent/Textures/T_Brick_Clay_Old_N.ubulk" 94
"D:/TPSDuel/Content/StarterContent/Textures/T_Brick_Clay_Old_D.uasset" 95
"D:/TPSDuel/Content/StarterContent/Textures/T_Brick_Clay_Old_D.uexp" 96
"D:/TPSDuel/Content/StarterContent/Textures/T_Brick_Clay_Old_D.ubulk" 97
"D:/TPSDuel/Content/Materials/M_Brick.uasset" 98
"D:/TPSDuel/Content/Materials/M_Brick.uexp" 99
"D:/TPSDuel/Content/StarterContent/Textures/T_Concrete_Poured_N.uasset" 100
"D:/TPSDuel/Content/StarterContent/Textures/T_Concrete_Poured_N.uexp" 101
"D:/TPSDuel/Content/StarterContent/Textures/T_Concrete_Poured_N.ubulk" 102
"D:/TPSDuel/Content/StarterContent/Textures/T_Concrete_Poured_D.uasset" 103
"D:/TPSDuel/Content/StarterContent/Textures/T_Concrete_Poured_D.uexp" 104
"D:/TPSDuel/Content/StarterContent/Textures/T_Concrete_Poured_D.ubulk" 105
"D:/TPSDuel/Content/Materials/M_Concrete.uasset" 106
"D:/TPSDuel/Content/Materials/M_Concrete.uexp" 107
"D:/TPSDuel/Content/Materials/M_DuelColor.uasset" 108
"D:/TPSDuel/Content/Materials/M_DuelColor.uexp" 109
"D:/TPSDuel/Content/StarterContent/Textures/T_Metal_Steel_D.uasset" 110
"D:/TPSDuel/Content/StarterContent/Textures/T_Metal_Steel_D.uexp" 111
"D:/TPSDuel/Content/StarterContent/Textures/T_Metal_Steel_D.ubulk" 112
"D:/TPSDuel/Content/StarterContent/Textures/T_Metal_Steel_N.uasset" 113
"D:/TPSDuel/Content/StarterContent/Textures/T_Metal_Steel_N.uexp" 114
"D:/TPSDuel/Content/StarterContent/Textures/T_Metal_Steel_N.ubulk" 115
"D:/TPSDuel/Content/Materials/M_Metal.uasset" 116
"D:/TPSDuel/Content/Materials/M_Metal.uexp" 117
"D:/TPSDuel/Content/Materials/M_Paint.uasset" 118
"D:/TPSDuel/Content/Materials/M_Paint.uexp" 119
"D:/TPSDuel/Content/Materials/M_Sky.uasset" 120
"D:/TPSDuel/Content/Materials/M_Sky.uexp" 121
"D:/TPSDuel/Content/StarterContent/Textures/T_Wood_Pine_D.uasset" 122
"D:/TPSDuel/Content/StarterContent/Textures/T_Wood_Pine_D.uexp" 123
"D:/TPSDuel/Content/StarterContent/Textures/T_Wood_Pine_D.ubulk" 124
"D:/TPSDuel/Content/StarterContent/Textures/T_Wood_Pine_N.uasset" 125
"D:/TPSDuel/Content/StarterContent/Textures/T_Wood_Pine_N.uexp" 126
"D:/TPSDuel/Content/StarterContent/Textures/T_Wood_Pine_N.ubulk" 127
"D:/TPSDuel/Content/Materials/M_Wood.uasset" 128
"D:/TPSDuel/Content/Materials/M_Wood.uexp" 129
"D:/TPSDuel/Content/FreeAssets/PolyHaven/ConcreteFloor/T_WornFloor_ARM.uasset" 130
"D:/TPSDuel/Content/FreeAssets/PolyHaven/ConcreteFloor/T_WornFloor_ARM.uexp" 131
"D:/TPSDuel/Content/FreeAssets/PolyHaven/ConcreteFloor/T_WornFloor_ARM.ubulk" 132
"D:/TPSDuel/Content/FreeAssets/PolyHaven/ConcreteFloor/T_WornFloor_BaseColor.uasset" 133
"D:/TPSDuel/Content/FreeAssets/PolyHaven/ConcreteFloor/T_WornFloor_BaseColor.uexp" 134
"D:/TPSDuel/Content/FreeAssets/PolyHaven/ConcreteFloor/T_WornFloor_BaseColor.ubulk" 135
"D:/TPSDuel/Content/FreeAssets/PolyHaven/ConcreteFloor/T_WornFloor_Normal.uasset" 136
"D:/TPSDuel/Content/FreeAssets/PolyHaven/ConcreteFloor/T_WornFloor_Normal.uexp" 137
"D:/TPSDuel/Content/FreeAssets/PolyHaven/ConcreteFloor/T_WornFloor_Normal.ubulk" 138
"D:/TPSDuel/Content/Materials/M_WornFloor.uasset" 139
"D:/TPSDuel/Content/Materials/M_WornFloor.uexp" 140
"D:/TPSDuel/Content/ThirdParty/Quantum/Materials/M_Drops_Tactical.uasset" 141
"D:/TPSDuel/Content/ThirdParty/Quantum/Materials/M_Drops_Tactical.uexp" 142
"D:/TPSDuel/Content/ThirdParty/Quantum/Materials/M_Eyeball.uasset" 143
"D:/TPSDuel/Content/ThirdParty/Quantum/Materials/M_Eyeball.uexp" 144
"D:/TPSDuel/Content/ThirdParty/Quantum/Materials/M_Eyelashesh.uasset" 145
"D:/TPSDuel/Content/ThirdParty/Quantum/Materials/M_Eyelashesh.uexp" 146
"D:/TPSDuel/Content/ThirdParty/Quantum/Materials/M_Head.uasset" 147
"D:/TPSDuel/Content/ThirdParty/Quantum/Materials/M_Head.uexp" 148
"D:/TPSDuel/Content/ThirdParty/Quantum/Materials/M_Holster_Hard.uasset" 149
"D:/TPSDuel/Content/ThirdParty/Quantum/Materials/M_Holster_Hard.uexp" 150
"D:/TPSDuel/Content/ThirdParty/Quantum/Materials/M_Jeans.uasset" 151
"D:/TPSDuel/Content/ThirdParty/Quantum/Materials/M_Jeans.uexp" 152
"D:/TPSDuel/Content/ThirdParty/Quantum/Materials/M_Patches.uasset" 153
"D:/TPSDuel/Content/ThirdParty/Quantum/Materials/M_Patches.uexp" 154
"D:/TPSDuel/Content/ThirdParty/Quantum/Textures/T_Arms_BaseColor.uasset" 155
"D:/TPSDuel/Content/ThirdParty/Quantum/Textures/T_Arms_BaseColor.uexp" 156
"D:/TPSDuel/Content/ThirdParty/Quantum/Textures/T_Arms_BaseColor.ubulk" 157
"D:/TPSDuel/Content/ThirdParty/Quantum/Textures/T_Arms_Normal.uasset" 158
"D:/TPSDuel/Content/ThirdParty/Quantum/Textures/T_Arms_Normal.uexp" 159
"D:/TPSDuel/Content/ThirdParty/Quantum/Textures/T_Arms_Normal.ubulk" 160
"D:/TPSDuel/Content/ThirdParty/Quantum/Textures/T_Arms_ORM.uasset" 161
"D:/TPSDuel/Content/ThirdParty/Quantum/Textures/T_Arms_ORM.uexp" 162
"D:/TPSDuel/Content/ThirdParty/Quantum/Textures/T_Arms_ORM.ubulk" 163
"D:/TPSDuel/Content/ThirdParty/Quantum/Materials/M_Quantum_Arms.uasset" 164
"D:/TPSDuel/Content/ThirdParty/Quantum/Materials/M_Quantum_Arms.uexp" 165
"D:/TPSDuel/Content/ThirdParty/Quantum/Materials/M_Sclera.uasset" 166
"D:/TPSDuel/Content/ThirdParty/Quantum/Materials/M_Sclera.uexp" 167
"D:/TPSDuel/Content/ThirdParty/Quantum/Materials/M_Shirt_RolledUp.uasset" 168
"D:/TPSDuel/Content/ThirdParty/Quantum/Materials/M_Shirt_RolledUp.uexp" 169
"D:/TPSDuel/Content/ThirdParty/Quantum/Materials/M_Teeth.uasset" 170
"D:/TPSDuel/Content/ThirdParty/Quantum/Materials/M_Teeth.uexp" 171
"../../../Engine/Content/EngineMeshes/Humanoid.uasset" 172
"../../../Engine/Content/EngineMeshes/Humanoid.uexp" 173
"D:/TPSDuel/Content/ThirdParty/Quantum/SKM_Character_Skeleton.uasset" 174
"D:/TPSDuel/Content/ThirdParty/Quantum/SKM_Character_Skeleton.uexp" 175
"D:/TPSDuel/Content/ThirdParty/Quantum/Materials/M_Pistol.uasset" 176
"D:/TPSDuel/Content/ThirdParty/Quantum/Materials/M_Pistol.uexp" 177
"D:/TPSDuel/Content/ThirdParty/Quantum/Materials/M_Bulletproof_Light.uasset" 178
"D:/TPSDuel/Content/ThirdParty/Quantum/Materials/M_Bulletproof_Light.uexp" 179
"D:/TPSDuel/Content/ThirdParty/Quantum/Materials/M_Cap.uasset" 180
"D:/TPSDuel/Content/ThirdParty/Quantum/Materials/M_Cap.uexp" 181
"D:/TPSDuel/Content/ThirdParty/Quantum/SKM_Character.uasset" 182
"D:/TPSDuel/Content/ThirdParty/Quantum/SKM_Character.uexp" 183
"D:/TPSDuel/Content/ThirdParty/Quantum/Materials/M_Rifle.uasset" 184
"D:/TPSDuel/Content/ThirdParty/Quantum/Materials/M_Rifle.uexp" 185
"D:/TPSDuel/Content/ThirdParty/Quantum/SM_Rifle.uasset" 186
"D:/TPSDuel/Content/ThirdParty/Quantum/SM_Rifle.uexp" 187
"../../../Engine/Content/Animation/DefaultAnimBoneCompressionSettings.uasset" 188
"../../../Engine/Content/Animation/DefaultAnimBoneCompressionSettings.uexp" 189
"../../../Engine/Content/Animation/DefaultAnimCurveCompressionSettings.uasset" 190
"../../../Engine/Content/Animation/DefaultAnimCurveCompressionSettings.uexp" 191
"D:/TPSDuel/Content/ThirdParty/Quantum/Animations/Q_ThirdPersonJump_End.uasset" 192
"D:/TPSDuel/Content/ThirdParty/Quantum/Animations/Q_ThirdPersonJump_End.uexp" 193
"D:/TPSDuel/Content/ThirdParty/Quantum/Animations/Q_ThirdPersonJump_Loop.uasset" 194
"D:/TPSDuel/Content/ThirdParty/Quantum/Animations/Q_ThirdPersonJump_Loop.uexp" 195
"D:/TPSDuel/Content/ThirdParty/Quantum/Animations/Q_ThirdPersonJump_Start.uasset" 196
"D:/TPSDuel/Content/ThirdParty/Quantum/Animations/Q_ThirdPersonJump_Start.uexp" 197
"D:/TPSDuel/Content/ThirdParty/Quantum/Animations/Q_ThirdPersonIdle.uasset" 198
"D:/TPSDuel/Content/ThirdParty/Quantum/Animations/Q_ThirdPersonIdle.uexp" 199
"D:/TPSDuel/Content/ThirdParty/Quantum/Animations/Q_ThirdPersonRun.uasset" 200
"D:/TPSDuel/Content/ThirdParty/Quantum/Animations/Q_ThirdPersonRun.uexp" 201
"D:/TPSDuel/Content/ThirdParty/Quantum/Animations/Q_ThirdPersonWalk.uasset" 202
"D:/TPSDuel/Content/ThirdParty/Quantum/Animations/Q_ThirdPersonWalk.uexp" 203
"D:/TPSDuel/Content/ThirdParty/Quantum/Animations/Q_ThirdPerson_IdleRun_2D.uasset" 204
"D:/TPSDuel/Content/ThirdParty/Quantum/Animations/Q_ThirdPerson_IdleRun_2D.uexp" 205
"D:/TPSDuel/Content/ThirdParty/Quantum/Animations/Q_ThirdPerson_AnimBP.uasset" 206
"D:/TPSDuel/Content/ThirdParty/Quantum/Animations/Q_ThirdPerson_AnimBP.uexp" 207
"../../../Engine/Content/EngineMaterials/T_Default_Material_Grid_N.uasset" 208
"../../../Engine/Content/EngineMaterials/T_Default_Material_Grid_N.uexp" 209
"../../../Engine/Content/EngineMaterials/T_Default_Material_Grid_N.ubulk" 210
"../../../Engine/Content/EngineMaterials/T_Default_Material_Grid_M.uasset" 211
"../../../Engine/Content/EngineMaterials/T_Default_Material_Grid_M.uexp" 212
"../../../Engine/Content/EngineMaterials/T_Default_Material_Grid_M.ubulk" 213
"../../../Engine/Content/Functions/Engine_MaterialFunctions01/Opacity/CameraDepthFade.uasset" 214
"../../../Engine/Content/Functions/Engine_MaterialFunctions01/Opacity/CameraDepthFade.uexp" 215
"../../../Engine/Content/EngineMaterials/WorldGridMaterial.uasset" 216
"../../../Engine/Content/EngineMaterials/WorldGridMaterial.uexp" 217
"../../../Engine/Content/ArtTools/RenderToTexture/Meshes/S_1_Unit_Plane.uasset" 218
"../../../Engine/Content/ArtTools/RenderToTexture/Meshes/S_1_Unit_Plane.uexp" 219
"../../../Engine/Content/EngineMaterials/DefaultMaterial.uasset" 220
"../../../Engine/Content/EngineMaterials/DefaultMaterial.uexp" 221
"../../../Engine/Content/BasicShapes/Cone.uasset" 222
"../../../Engine/Content/BasicShapes/Cone.uexp" 223
"../../../Engine/Content/BasicShapes/Cube.uasset" 224
"../../../Engine/Content/BasicShapes/Cube.uexp" 225
"../../../Engine/Content/BasicShapes/Plane.uasset" 226
"../../../Engine/Content/BasicShapes/Plane.uexp" 227
"../../../Engine/Content/BasicShapes/Sphere.uasset" 228
"../../../Engine/Content/BasicShapes/Sphere.uexp" 229
"../../../Engine/Content/EditorLandscapeResources/DataLayer.uasset" 230
"../../../Engine/Content/EditorLandscapeResources/DataLayer.uexp" 231
"../../../Engine/Content/EditorLandscapeResources/DefaultAlphaTexture.uasset" 232
"../../../Engine/Content/EditorLandscapeResources/DefaultAlphaTexture.uexp" 233
"../../../Engine/Content/EditorMaterials/MAT_Groups_Toggle.uasset" 234
"../../../Engine/Content/EditorMaterials/MAT_Groups_Toggle.uexp" 235
"../../../Engine/Content/EditorMaterials/MAT_Groups_Visibility.uasset" 236
"../../../Engine/Content/EditorMaterials/MAT_Groups_Visibility.uexp" 237
"../../../Engine/Content/EditorMaterials/PreviewShadowIndicator.uasset" 238
"../../../Engine/Content/EditorMaterials/PreviewShadowIndicator.uexp" 239
"../../../Engine/Content/EditorMaterials/PreviewShadowIndicator.ubulk" 240
"../../../Engine/Content/EditorMaterials/PreviewShadowIndicatorMaterial.uasset" 241
"../../../Engine/Content/EditorMaterials/PreviewShadowIndicatorMaterial.uexp" 242
"../../../Engine/Content/EditorMaterials/MatineeGroups/MAT_ColorTrack.uasset" 243
"../../../Engine/Content/EditorMaterials/MatineeGroups/MAT_ColorTrack.uexp" 244
"../../../Engine/Content/EditorMaterials/MatineeGroups/MAT_Groups_Anim.uasset" 245
"../../../Engine/Content/EditorMaterials/MatineeGroups/MAT_Groups_Anim.uexp" 246
"../../../Engine/Content/EditorMaterials/MatineeGroups/MAT_Groups_AudioMaster.uasset" 247
"../../../Engine/Content/EditorMaterials/MatineeGroups/MAT_Groups_AudioMaster.uexp" 248
"../../../Engine/Content/EditorMaterials/MatineeGroups/MAT_Groups_Director.uasset" 249
"../../../Engine/Content/EditorMaterials/MatineeGroups/MAT_Groups_Director.uexp" 250
"../../../Engine/Content/EditorMaterials/MatineeGroups/MAT_Groups_Event.uasset" 251
"../../../Engine/Content/EditorMaterials/MatineeGroups/MAT_Groups_Event.uexp" 252
"../../../Engine/Content/EditorMaterials/MatineeGroups/MAT_Groups_Fade.uasset" 253
"../../../Engine/Content/EditorMaterials/MatineeGroups/MAT_Groups_Fade.uexp" 254
"../../../Engine/Content/EditorMaterials/MatineeGroups/MAT_Groups_Float.uasset" 255
"../../../Engine/Content/EditorMaterials/MatineeGroups/MAT_Groups_Float.uexp" 256
"../../../Engine/Content/EditorMaterials/MatineeGroups/MAT_Groups_Move.uasset" 257
"../../../Engine/Content/EditorMaterials/MatineeGroups/MAT_Groups_Move.uexp" 258
"../../../Engine/Content/EditorMaterials/MatineeGroups/MAT_Groups_Slomo.uasset" 259
"../../../Engine/Content/EditorMaterials/MatineeGroups/MAT_Groups_Slomo.uexp" 260
"../../../Engine/Content/EditorMaterials/MatineeGroups/MAT_Groups_Sound.uasset" 261
"../../../Engine/Content/EditorMaterials/MatineeGroups/MAT_Groups_Sound.uexp" 262
"../../../Engine/Content/EditorMaterials/MatineeGroups/MAT_Groups_Vector.uasset" 263
"../../../Engine/Content/EditorMaterials/MatineeGroups/MAT_Groups_Vector.uexp" 264
"../../../Engine/Content/EditorMaterials/ParticleSystems/PSysThumbnail_NoImage.uasset" 265
"../../../Engine/Content/EditorMaterials/ParticleSystems/PSysThumbnail_NoImage.uexp" 266
"../../../Engine/Content/EditorMaterials/ParticleSystems/PSysThumbnail_NoImage.ubulk" 267
"../../../Engine/Content/EditorMaterials/ParticleSystems/PSysThumbnail_OOD.uasset" 268
"../../../Engine/Content/EditorMaterials/ParticleSystems/PSysThumbnail_OOD.uexp" 269
"../../../Engine/Content/EditorMaterials/ParticleSystems/PSysThumbnail_OOD.ubulk" 270
"../../../Engine/Content/EditorMaterials/Camera/CineMat.uasset" 271
"../../../Engine/Content/EditorMaterials/Camera/CineMat.uexp" 272
"../../../Engine/Content/EditorMaterials/Camera/MI_CineMat_Rig.uasset" 273
"../../../Engine/Content/EditorMaterials/Camera/MI_CineMat_Rig.uexp" 274
"../../../Engine/Content/EditorMeshes/Camera/SM_CraneRig_Arm.uasset" 275
"../../../Engine/Content/EditorMeshes/Camera/SM_CraneRig_Arm.uexp" 276
"../../../Engine/Content/EditorMeshes/Camera/SM_CraneRig_Base.uasset" 277
"../../../Engine/Content/EditorMeshes/Camera/SM_CraneRig_Base.uexp" 278
"../../../Engine/Content/EditorMeshes/Camera/SM_CraneRig_Body.uasset" 279
"../../../Engine/Content/EditorMeshes/Camera/SM_CraneRig_Body.uexp" 280
"../../../Engine/Content/EditorMeshes/Camera/SM_CraneRig_Mount.uasset" 281
"../../../Engine/Content/EditorMeshes/Camera/SM_CraneRig_Mount.uexp" 282
"../../../Engine/Content/EditorMeshes/Camera/SM_RailRig_Mount.uasset" 283
"../../../Engine/Content/EditorMeshes/Camera/SM_RailRig_Mount.uexp" 284
"../../../Engine/Content/EditorMeshes/Camera/SM_RailRig_Track.uasset" 285
"../../../Engine/Content/EditorMeshes/Camera/SM_RailRig_Track.uexp" 286
"../../../Engine/Content/EditorResources/BSPVertex.uasset" 287
"../../../Engine/Content/EditorResources/BSPVertex.uexp" 288
"../../../Engine/Content/EditorResources/S_Actor.uasset" 289
"../../../Engine/Content/EditorResources/S_Actor.uexp" 290
"../../../Engine/Content/EditorResources/S_Actor.ubulk" 291
"../../../Engine/Content/EditorResources/S_Note.uasset" 292
"../../../Engine/Content/EditorResources/S_Note.uexp" 293
"../../../Engine/Content/EditorResources/S_Note.ubulk" 294
"../../../Engine/Content/EditorResources/S_Solver.uasset" 295
"../../../Engine/Content/EditorResources/S_Solver.uexp" 296
"../../../Engine/Content/EditorResources/S_Solver.ubulk" 297
"../../../Engine/Content/EditorResources/S_Terrain.uasset" 298
"../../../Engine/Content/EditorResources/S_Terrain.uexp" 299
"../../../Engine/Content/EditorResources/S_Terrain.ubulk" 300
"../../../Engine/Content/EditorResources/S_Trigger.uasset" 301
"../../../Engine/Content/EditorResources/S_Trigger.uexp" 302
"../../../Engine/Content/EditorResources/S_Trigger.ubulk" 303
"../../../Engine/Content/EditorResources/SequenceRecorder/Countdown.uasset" 304
"../../../Engine/Content/EditorResources/SequenceRecorder/Countdown.uexp" 305
"../../../Engine/Content/EditorResources/SequenceRecorder/RecordingIndicator.uasset" 306
"../../../Engine/Content/EditorResources/SequenceRecorder/RecordingIndicator.uexp" 307
"../../../Engine/Content/EngineDamageTypes/DmgTypeBP_Environmental.uasset" 308
"../../../Engine/Content/EngineDamageTypes/DmgTypeBP_Environmental.uexp" 309
"../../../Engine/Content/EngineDebugMaterials/DebugEditorMaterial.uasset" 310
"../../../Engine/Content/EngineDebugMaterials/DebugEditorMaterial.uexp" 311
"../../../Engine/Content/EngineDebugMaterials/DebugMeshMaterial.uasset" 312
"../../../Engine/Content/EngineDebugMaterials/DebugMeshMaterial.uexp" 313
"../../../Engine/Content/EngineDebugMaterials/M_SimpleUnlitTranslucent.uasset" 314
"../../../Engine/Content/EngineDebugMaterials/M_SimpleUnlitTranslucent.uexp" 315
"../../../Engine/Content/EngineDebugMaterials/VolumeToRender.uasset" 316
"../../../Engine/Content/EngineDebugMaterials/VolumeToRender.uexp" 317
"../../../Engine/Content/Functions/Engine_MaterialFunctions02/Utility/CameraDirectionVector.uasset" 318
"../../../Engine/Content/Functions/Engine_MaterialFunctions02/Utility/CameraDirectionVector.uexp" 319
"../../../Engine/Content/EngineDebugMaterials/M_VolumeRenderSphereTracePP.uasset" 320
"../../../Engine/Content/EngineDebugMaterials/M_VolumeRenderSphereTracePP.uexp" 321
"../../../Engine/Content/Functions/Engine_MaterialFunctions01/Shading/ConvertFromDiffSpec.uasset" 322
"../../../Engine/Content/Functions/Engine_MaterialFunctions01/Shading/ConvertFromDiffSpec.uexp" 323
"../../../Engine/Content/EngineDebugMaterials/VertexColorMaterial.uasset" 324
"../../../Engine/Content/EngineDebugMaterials/VertexColorMaterial.uexp" 325
"../../../Engine/Content/EngineDebugMaterials/WireframeMaterial.uasset" 326
"../../../Engine/Content/EngineDebugMaterials/WireframeMaterial.uexp" 327
"../../../Engine/Content/EngineFonts/Faces/RobotoRegular.uasset" 328
"../../../Engine/Content/EngineFonts/Faces/RobotoRegular.uexp" 329
"../../../Engine/Content/EngineFonts/Faces/RobotoRegular.ufont" 330
"../../../Engine/Content/EngineFonts/Faces/RobotoLight.uasset" 331
"../../../Engine/Content/EngineFonts/Faces/RobotoLight.uexp" 332
"../../../Engine/Content/EngineFonts/Faces/RobotoLight.ufont" 333
"../../../Engine/Content/EngineFonts/Faces/RobotoItalic.uasset" 334
"../../../Engine/Content/EngineFonts/Faces/RobotoItalic.uexp" 335
"../../../Engine/Content/EngineFonts/Faces/RobotoItalic.ufont" 336
"../../../Engine/Content/EngineFonts/Faces/RobotoBoldItalic.uasset" 337
"../../../Engine/Content/EngineFonts/Faces/RobotoBoldItalic.uexp" 338
"../../../Engine/Content/EngineFonts/Faces/RobotoBoldItalic.ufont" 339
"../../../Engine/Content/EngineFonts/Faces/RobotoBold.uasset" 340
"../../../Engine/Content/EngineFonts/Faces/RobotoBold.uexp" 341
"../../../Engine/Content/EngineFonts/Faces/RobotoBold.ufont" 342
"../../../Engine/Content/EngineFonts/Faces/DroidSansFallback.uasset" 343
"../../../Engine/Content/EngineFonts/Faces/DroidSansFallback.uexp" 344
"../../../Engine/Content/EngineFonts/Faces/DroidSansFallback.ufont" 345
"../../../Engine/Content/EngineFonts/Roboto.uasset" 346
"../../../Engine/Content/EngineFonts/Roboto.uexp" 347
"../../../Engine/Content/EngineMaterials/BaseFlattenNormalMap.uasset" 348
"../../../Engine/Content/EngineMaterials/BaseFlattenNormalMap.uexp" 349
"../../../Engine/Content/EngineMaterials/BaseFlattenGrayscaleMap.uasset" 350
"../../../Engine/Content/EngineMaterials/BaseFlattenGrayscaleMap.uexp" 351
"../../../Engine/Content/EngineMaterials/BaseFlattenEmissiveMap.uasset" 352
"../../../Engine/Content/EngineMaterials/BaseFlattenEmissiveMap.uexp" 353
"../../../Engine/Content/EngineMaterials/BaseFlattenDiffuseMap.uasset" 354
"../../../Engine/Content/EngineMaterials/BaseFlattenDiffuseMap.uexp" 355
"../../../Engine/Content/EngineMaterials/BaseFlattenMaterial.uasset" 356
"../../../Engine/Content/EngineMaterials/BaseFlattenMaterial.uexp" 357
"../../../Engine/Content/EngineMaterials/BlueNoise.uasset" 358
"../../../Engine/Content/EngineMaterials/BlueNoise.uexp" 359
"../../../Engine/Content/EngineMaterials/DefaultBloomKernel.uasset" 360
"../../../Engine/Content/EngineMaterials/DefaultBloomKernel.uexp" 361
"../../../Engine/Content/EngineMaterials/DefaultBokeh.uasset" 362
"../../../Engine/Content/EngineMaterials/DefaultBokeh.uexp" 363
"../../../Engine/Content/EngineMaterials/DefaultDiffuse.uasset" 364
"../../../Engine/Content/EngineMaterials/DefaultDiffuse.uexp" 365
"../../../Engine/Content/EngineMaterials/DefaultDiffuse.ubulk" 366
"../../../Engine/Content/EngineMaterials/DefaultDeferredDecalMaterial.uasset" 367
"../../../Engine/Content/EngineMaterials/DefaultDeferredDecalMaterial.uexp" 368
"../../../Engine/Content/EngineMaterials/DefaultLightFunctionMaterial.uasset" 369
"../../../Engine/Content/EngineMaterials/DefaultLightFunctionMaterial.uexp" 370
"../../../Engine/Content/EngineMaterials/DefaultPhysicalMaterial.uasset" 371
"../../../Engine/Content/EngineMaterials/DefaultPhysicalMaterial.uexp" 372
"../../../Engine/Content/Functions/Engine_MaterialFunctions02/Utility/BreakOutFloat2Components.uasset" 373
"../../../Engine/Content/Functions/Engine_MaterialFunctions02/Utility/BreakOutFloat2Components.uexp" 374
"../../../Engine/Content/EngineMaterials/DefaultPostProcessMaterial.uasset" 375
"../../../Engine/Content/EngineMaterials/DefaultPostProcessMaterial.uexp" 376
"../../../Engine/Content/EngineFonts/RobotoDistanceField.uasset" 377
"../../../Engine/Content/EngineFonts/RobotoDistanceField.uexp" 378
"../../../Engine/Content/EngineMaterials/DefaultTextMaterialOpaque.uasset" 379
"../../../Engine/Content/EngineMaterials/DefaultTextMaterialOpaque.uexp" 380
"../../../Engine/Content/EngineMaterials/DefaultWhiteGrid.uasset" 381
"../../../Engine/Content/EngineMaterials/DefaultWhiteGrid.uexp" 382
"../../../Engine/Content/EngineMaterials/DefaultWhiteGrid.ubulk" 383
"../../../Engine/Content/EngineMaterials/DefaultWhiteGrid_Low.uasset" 384
"../../../Engine/Content/EngineMaterials/DefaultWhiteGrid_Low.uexp" 385
"../../../Engine/Content/EngineMaterials/EmissiveMeshMaterial.uasset" 386
"../../../Engine/Content/EngineMaterials/EmissiveMeshMaterial.uexp" 387
"../../../Engine/Content/EngineMaterials/GizmoMaterial.uasset" 388
"../../../Engine/Content/EngineMaterials/GizmoMaterial.uexp" 389
"../../../Engine/Content/EngineMaterials/Good64x64TilingNoiseHighFreq.uasset" 390
"../../../Engine/Content/EngineMaterials/Good64x64TilingNoiseHighFreq.uexp" 391
"../../../Engine/Content/EngineMaterials/MiniFont.uasset" 392
"../../../Engine/Content/EngineMaterials/MiniFont.uexp" 393
"../../../Engine/Content/EngineMaterials/InvalidLightmapSettings.uasset" 394
"../../../Engine/Content/EngineMaterials/InvalidLightmapSettings.uexp" 395
"../../../Engine/Content/EngineMaterials/InvalidLightmapSettings.ubulk" 396
"../../../Engine/Content/EngineMaterials/M_InvalidLightmapSettings.uasset" 397
"../../../Engine/Content/EngineMaterials/M_InvalidLightmapSettings.uexp" 398
"../../../Engine/Content/Functions/Engine_MaterialFunctions02/WorldPositionOffset/CameraOffset.uasset" 399
"../../../Engine/Content/Functions/Engine_MaterialFunctions02/WorldPositionOffset/CameraOffset.uexp" 400
"../../../Engine/Content/EngineMaterials/PhAT_JointLimitMaterial.uasset" 401
"../../../Engine/Content/EngineMaterials/PhAT_JointLimitMaterial.uexp" 402
"../../../Engine/Content/EngineMaterials/DefaultCalibrationColor.uasset" 403
"../../../Engine/Content/EngineMaterials/DefaultCalibrationColor.uexp" 404
"../../../Engine/Content/EngineMaterials/PPM_DefaultCalibrationColor.uasset" 405
"../../../Engine/Content/EngineMaterials/PPM_DefaultCalibrationColor.uexp" 406
"../../../Engine/Content/EngineMaterials/DefaultCalibrationGrayscale.uasset" 407
"../../../Engine/Content/EngineMaterials/DefaultCalibrationGrayscale.uexp" 408
"../../../Engine/Content/EngineMaterials/PPM_DefaultCalibrationGrayscale.uasset" 409
"../../../Engine/Content/EngineMaterials/PPM_DefaultCalibrationGrayscale.uexp" 410
"../../../Engine/Content/EngineMaterials/PreintegratedSkinBRDF.uasset" 411
"../../../Engine/Content/EngineMaterials/PreintegratedSkinBRDF.uexp" 412
"../../../Engine/Content/EngineMaterials/RemoveSurfaceMaterial.uasset" 413
"../../../Engine/Content/EngineMaterials/RemoveSurfaceMaterial.uexp" 414
"../../../Engine/Content/EngineMaterials/WeightMapPlaceholderTexture.uasset" 415
"../../../Engine/Content/EngineMaterials/WeightMapPlaceholderTexture.uexp" 416
"../../../Engine/Content/EngineResources/WhiteSquareTexture.uasset" 417
"../../../Engine/Content/EngineResources/WhiteSquareTexture.uexp" 418
"../../../Engine/Content/EngineMaterials/Widget3DPassThrough.uasset" 419
"../../../Engine/Content/EngineMaterials/Widget3DPassThrough.uexp" 420
"../../../Engine/Content/EngineMaterials/Widget3DPassThrough_Masked.uasset" 421
"../../../Engine/Content/EngineMaterials/Widget3DPassThrough_Masked.uexp" 422
"../../../Engine/Content/EngineMaterials/Widget3DPassThrough_Opaque.uasset" 423
"../../../Engine/Content/EngineMaterials/Widget3DPassThrough_Opaque.uexp" 424
"../../../Engine/Content/EngineMaterials/Widget3DPassThrough_Masked_OneSided.uasset" 425
"../../../Engine/Content/EngineMaterials/Widget3DPassThrough_Masked_OneSided.uexp" 426
"../../../Engine/Content/EngineMaterials/Widget3DPassThrough_Opaque_OneSided.uasset" 427
"../../../Engine/Content/EngineMaterials/Widget3DPassThrough_Opaque_OneSided.uexp" 428
"../../../Engine/Content/EngineMaterials/Widget3DPassThrough_Translucent.uasset" 429
"../../../Engine/Content/EngineMaterials/Widget3DPassThrough_Translucent.uexp" 430
"../../../Engine/Content/EngineMaterials/Widget3DPassThrough_Translucent_OneSided.uasset" 431
"../../../Engine/Content/EngineMaterials/Widget3DPassThrough_Translucent_OneSided.uexp" 432
"../../../Engine/Content/EngineMeshes/Cylinder.uasset" 433
"../../../Engine/Content/EngineMeshes/Cylinder.uexp" 434
"../../../Engine/Content/EngineMeshes/Sphere.uasset" 435
"../../../Engine/Content/EngineMeshes/Sphere.uexp" 436
"../../../Engine/Content/EngineResources/Black.uasset" 437
"../../../Engine/Content/EngineResources/Black.uexp" 438
"../../../Engine/Content/EngineResources/DefaultTexture.uasset" 439
"../../../Engine/Content/EngineResources/DefaultTexture.uexp" 440
"../../../Engine/Content/EngineResources/DefaultTexture.ubulk" 441
"../../../Engine/Content/EngineResources/DefaultTextureCube.uasset" 442
"../../../Engine/Content/EngineResources/DefaultTextureCube.uexp" 443
"../../../Engine/Content/EngineResources/DefaultVolumeTexture2D.uasset" 444
"../../../Engine/Content/EngineResources/DefaultVolumeTexture2D.uexp" 445
"../../../Engine/Content/EngineResources/DefaultVolumeTexture.uasset" 446
"../../../Engine/Content/EngineResources/DefaultVolumeTexture.uexp" 447
"../../../Engine/Content/EngineResources/GradientTexture0.uasset" 448
"../../../Engine/Content/EngineResources/GradientTexture0.uexp" 449
"../../../Engine/Content/EngineSky/VolumetricClouds/T_NoiseShape64.uasset" 450
"../../../Engine/Content/EngineSky/VolumetricClouds/T_NoiseShape64.uexp" 451
"../../../Engine/Content/EngineSky/VolumetricClouds/T_NoiseShape64.ubulk" 452
"../../../Engine/Content/EngineSky/VolumetricClouds/T_VolumeNoiseShape64.uasset" 453
"../../../Engine/Content/EngineSky/VolumetricClouds/T_VolumeNoiseShape64.uexp" 454
"../../../Engine/Content/EngineSky/VolumetricClouds/T_NoiseErosion.uasset" 455
"../../../Engine/Content/EngineSky/VolumetricClouds/T_NoiseErosion.uexp" 456
"../../../Engine/Content/EngineSky/VolumetricClouds/T_NoiseErosion.ubulk" 457
"../../../Engine/Content/EngineSky/VolumetricClouds/T_VolumeNoiseErosion32.uasset" 458
"../../../Engine/Content/EngineSky/VolumetricClouds/T_VolumeNoiseErosion32.uexp" 459
"../../../Engine/Content/EngineSky/VolumetricClouds/CloudWeatherTexture.uasset" 460
"../../../Engine/Content/EngineSky/VolumetricClouds/CloudWeatherTexture.uexp" 461
"../../../Engine/Content/EngineSky/VolumetricClouds/CloudGradientTexture.uasset" 462
"../../../Engine/Content/EngineSky/VolumetricClouds/CloudGradientTexture.uexp" 463
"../../../Engine/Content/Functions/Engine_MaterialFunctions02/Utility/MakeFloat2.uasset" 464
"../../../Engine/Content/Functions/Engine_MaterialFunctions02/Utility/MakeFloat2.uexp" 465
"../../../Engine/Content/EngineSky/VolumetricClouds/m_SimpleVolumetricCloud.uasset" 466
"../../../Engine/Content/EngineSky/VolumetricClouds/m_SimpleVolumetricCloud.uexp" 467
"../../../Engine/Content/EngineSky/VolumetricClouds/m_SimpleVolumetricCloud_Inst.uasset" 468
"../../../Engine/Content/EngineSky/VolumetricClouds/m_SimpleVolumetricCloud_Inst.uexp" 469
"../../../Engine/Content/EngineSounds/Master.uasset" 470
"../../../Engine/Content/EngineSounds/Master.uexp" 471
"../../../Engine/Content/Functions/Engine_MaterialFunctions01/Shading/PowerToRoughness.uasset" 472
"../../../Engine/Content/Functions/Engine_MaterialFunctions01/Shading/PowerToRoughness.uexp" 473
"../../../Engine/Content/Maps/Templates/Thumbnails/Default.uasset" 474
"../../../Engine/Content/Maps/Templates/Thumbnails/Default.uexp" 475
"../../../Engine/Content/Maps/Templates/Thumbnails/TimeOfDay.uasset" 476
"../../../Engine/Content/Maps/Templates/Thumbnails/TimeOfDay.uexp" 477
"../../../Engine/Content/Maps/Templates/Thumbnails/VR-Basic.uasset" 478
"../../../Engine/Content/Maps/Templates/Thumbnails/VR-Basic.uexp" 479
"../../../Engine/Content/MobileResources/T_MobileControls_texture.uasset" 480
"../../../Engine/Content/MobileResources/T_MobileControls_texture.uexp" 481
"../../../Engine/Content/MobileResources/T_MobileMenu2.uasset" 482
"../../../Engine/Content/MobileResources/T_MobileMenu2.uexp" 483
"../../../Engine/Content/MobileResources/HUD/AnalogHat.uasset" 484
"../../../Engine/Content/MobileResources/HUD/AnalogHat.uexp" 485
"../../../Engine/Content/MobileResources/HUD/VirtualJoystick_Thumb.uasset" 486
"../../../Engine/Content/MobileResources/HUD/VirtualJoystick_Thumb.uexp" 487
"../../../Engine/Content/MobileResources/HUD/VirtualJoystick_Background.uasset" 488
"../../../Engine/Content/MobileResources/HUD/VirtualJoystick_Background.uexp" 489
"../../../Engine/Content/MobileResources/HUD/DefaultVirtualJoysticks.uasset" 490
"../../../Engine/Content/MobileResources/HUD/DefaultVirtualJoysticks.uexp" 491
"../../../Engine/Content/MobileResources/HUD/LeftVirtualJoystickOnly.uasset" 492
"../../../Engine/Content/MobileResources/HUD/LeftVirtualJoystickOnly.uexp" 493
"../../../Engine/Content/MobileResources/HUD/MobileHUDButton1_off.uasset" 494
"../../../Engine/Content/MobileResources/HUD/MobileHUDButton1_off.uexp" 495
"../../../Engine/Content/MobileResources/HUD/MobileHUDButton1_on.uasset" 496
"../../../Engine/Content/MobileResources/HUD/MobileHUDButton1_on.uexp" 497
"../../../Engine/Content/MobileResources/HUD/MobileHUDButton2_off.uasset" 498
"../../../Engine/Content/MobileResources/HUD/MobileHUDButton2_off.uexp" 499
"../../../Engine/Content/MobileResources/HUD/MobileHUDButton2_on.uasset" 500
"../../../Engine/Content/MobileResources/HUD/MobileHUDButton2_on.uexp" 501
"../../../Engine/Content/MobileResources/HUD/MobileHUDButton3.uasset" 502
"../../../Engine/Content/MobileResources/HUD/MobileHUDButton3.uexp" 503
"../../../Engine/Content/MobileResources/HUD/MobileHUDButtonFire.uasset" 504
"../../../Engine/Content/MobileResources/HUD/MobileHUDButtonFire.uexp" 505
"../../../Engine/Content/MobileResources/HUD/MobileHUDDirectionPad.uasset" 506
"../../../Engine/Content/MobileResources/HUD/MobileHUDDirectionPad.uexp" 507
"../../../Engine/Content/MobileResources/HUD/MobileHUDDirectionPad2.uasset" 508
"../../../Engine/Content/MobileResources/HUD/MobileHUDDirectionPad2.uexp" 509
"../../../Engine/Content/MobileResources/HUD/MobileHUDDirectionPad3.uasset" 510
"../../../Engine/Content/MobileResources/HUD/MobileHUDDirectionPad3.uexp" 511
"../../../Engine/Content/MobileResources/HUD/MobileHUDDirectionStick.uasset" 512
"../../../Engine/Content/MobileResources/HUD/MobileHUDDirectionStick.uexp" 513
"../../../Engine/Content/MobileResources/HUD/T_Castle_ThumbstickInner.uasset" 514
"../../../Engine/Content/MobileResources/HUD/T_Castle_ThumbstickInner.uexp" 515
"../../../Engine/Content/MobileResources/HUD/T_Castle_ThumbstickOutter.uasset" 516
"../../../Engine/Content/MobileResources/HUD/T_Castle_ThumbstickOutter.uexp" 517
"../../../Engine/Content/Tutorial/ContentIntroCurve.uasset" 518
"../../../Engine/Content/Tutorial/ContentIntroCurve.uexp" 519
"../../../Engine/Content/VREditor/TransformGizmo/TranslucentTransformGizmoMaterial.uasset" 520
"../../../Engine/Content/VREditor/TransformGizmo/TranslucentTransformGizmoMaterial.uexp" 521
"../../../Engine/Content/VREditor/LaserPointer/VR_LaserPower_01.uasset" 522
"../../../Engine/Content/VREditor/LaserPointer/VR_LaserPower_01.uexp" 523
"../../../Engine/Content/VREditor/LaserPointer/VR_LaserPower_01.ubulk" 524
"../../../Engine/Content/VREditor/TransformGizmo/TransformGizmoMaterial.uasset" 525
"../../../Engine/Content/VREditor/TransformGizmo/TransformGizmoMaterial.uexp" 526
"../../../Engine/Content/VREditor/TransformGizmo/BoundingBoxCorner.uasset" 527
"../../../Engine/Content/VREditor/TransformGizmo/BoundingBoxCorner.uexp" 528
"../../../Engine/Content/VREditor/TransformGizmo/BoundingBoxEdge.uasset" 529
"../../../Engine/Content/VREditor/TransformGizmo/BoundingBoxEdge.uexp" 530
"../../../Engine/Content/VREditor/TransformGizmo/PlaneTranslationHandle.uasset" 531
"../../../Engine/Content/VREditor/TransformGizmo/PlaneTranslationHandle.uexp" 532
"../../../Engine/Content/VREditor/TransformGizmo/Xray.uasset" 533
"../../../Engine/Content/VREditor/TransformGizmo/Xray.uexp" 534
"../../../Engine/Content/VREditor/TransformGizmo/Main.uasset" 535
"../../../Engine/Content/VREditor/TransformGizmo/Main.uexp" 536
"../../../Engine/Content/VREditor/TransformGizmo/SM_Sequencer_Key.uasset" 537
"../../../Engine/Content/VREditor/TransformGizmo/SM_Sequencer_Key.uexp" 538
"../../../Engine/Content/VREditor/TransformGizmo/SM_Sequencer_Node.uasset" 539
"../../../Engine/Content/VREditor/TransformGizmo/SM_Sequencer_Node.uexp" 540
"../../../Engine/Plugins/2D/Paper2D/Content/PlaceholderTextures/DummySpriteTexture.uasset" 541
"../../../Engine/Plugins/2D/Paper2D/Content/PlaceholderTextures/DummySpriteTexture.uexp" 542
"../../../Engine/Plugins/2D/Paper2D/Content/PlaceholderTextures/DummySpriteTexture.ubulk" 543
"../../../Engine/Plugins/2D/Paper2D/Content/DummySprite.uasset" 544
"../../../Engine/Plugins/2D/Paper2D/Content/DummySprite.uexp" 545
"../../../Engine/Plugins/2D/Paper2D/Content/DefaultPaperTerrainMaterial.uasset" 546
"../../../Engine/Plugins/2D/Paper2D/Content/DefaultPaperTerrainMaterial.uexp" 547
"../../../Engine/Plugins/2D/Paper2D/Content/DefaultSpriteMaterial.uasset" 548
"../../../Engine/Plugins/2D/Paper2D/Content/DefaultSpriteMaterial.uexp" 549
"../../../Engine/Plugins/2D/Paper2D/Content/MaskedUnlitSpriteMaterial.uasset" 550
"../../../Engine/Plugins/2D/Paper2D/Content/MaskedUnlitSpriteMaterial.uexp" 551
"../../../Engine/Plugins/2D/Paper2D/Content/OpaqueUnlitSpriteMaterial.uasset" 552
"../../../Engine/Plugins/2D/Paper2D/Content/OpaqueUnlitSpriteMaterial.uexp" 553
"../../../Engine/Content/Functions/Engine_MaterialFunctions02/Utility/BreakOutFloat3Components.uasset" 554
"../../../Engine/Content/Functions/Engine_MaterialFunctions02/Utility/BreakOutFloat3Components.uexp" 555
"../../../Engine/Plugins/Editor/SpeedTreeImporter/Content/SpeedTree9/UnpackInteger3.uasset" 556
"../../../Engine/Plugins/Editor/SpeedTreeImporter/Content/SpeedTree9/UnpackInteger3.uexp" 557
"../../../Engine/Plugins/Editor/SpeedTreeImporter/Content/SpeedTree9/UnpackDirection.uasset" 558
"../../../Engine/Plugins/Editor/SpeedTreeImporter/Content/SpeedTree9/UnpackDirection.uexp" 559
"../../../Engine/Plugins/Editor/SpeedTreeImporter/Content/SpeedTree9/game_wind_noise.uasset" 560
"../../../Engine/Plugins/Editor/SpeedTreeImporter/Content/SpeedTree9/game_wind_noise.uexp" 561
"../../../Engine/Plugins/Editor/SpeedTreeImporter/Content/SpeedTree9/game_wind_noise.ubulk" 562
"../../../Engine/Content/Functions/Engine_MaterialFunctions02/SafeNormalize.uasset" 563
"../../../Engine/Content/Functions/Engine_MaterialFunctions02/SafeNormalize.uexp" 564
"../../../Engine/Plugins/Editor/SpeedTreeImporter/Content/SpeedTree9/SpeedTreeWindMotion.uasset" 565
"../../../Engine/Plugins/Editor/SpeedTreeImporter/Content/SpeedTree9/SpeedTreeWindMotion.uexp" 566
"../../../Engine/Plugins/Editor/SpeedTreeImporter/Content/SpeedTree9/SpeedTreeBranchMotion.uasset" 567
"../../../Engine/Plugins/Editor/SpeedTreeImporter/Content/SpeedTree9/SpeedTreeBranchMotion.uexp" 568
"../../../Engine/Content/Functions/Engine_MaterialFunctions02/ObjectLocalBounds.uasset" 569
"../../../Engine/Content/Functions/Engine_MaterialFunctions02/ObjectLocalBounds.uexp" 570
"../../../Engine/Content/Functions/Engine_MaterialFunctions02/UVs/BoundingBoxBased_0-1_UVW.uasset" 571
"../../../Engine/Content/Functions/Engine_MaterialFunctions02/UVs/BoundingBoxBased_0-1_UVW.uexp" 572
"../../../Engine/Content/Functions/Engine_MaterialFunctions02/Utility/VectorLength.uasset" 573
"../../../Engine/Content/Functions/Engine_MaterialFunctions02/Utility/VectorLength.uexp" 574
"../../../Engine/Content/Functions/Engine_MaterialFunctions02/WorldPositionOffset/ObjectScale.uasset" 575
"../../../Engine/Content/Functions/Engine_MaterialFunctions02/WorldPositionOffset/ObjectScale.uexp" 576
"../../../Engine/Plugins/Editor/SpeedTreeImporter/Content/SpeedTree9/SpeedTreeWind.uasset" 577
"../../../Engine/Plugins/Editor/SpeedTreeImporter/Content/SpeedTree9/SpeedTreeWind.uexp" 578
"../../../Engine/Plugins/Editor/SpeedTreeImporter/Content/SpeedTree9/SpeedTreeBillboard.uasset" 579
"../../../Engine/Plugins/Editor/SpeedTreeImporter/Content/SpeedTree9/SpeedTreeBillboard.uexp" 580
"../../../Engine/Plugins/Editor/SpeedTreeImporter/Content/SpeedTree9/EmptyNormal.uasset" 581
"../../../Engine/Plugins/Editor/SpeedTreeImporter/Content/SpeedTree9/EmptyNormal.uexp" 582
"../../../Engine/Plugins/Editor/SpeedTreeImporter/Content/SpeedTree9/Empty.uasset" 583
"../../../Engine/Plugins/Editor/SpeedTreeImporter/Content/SpeedTree9/Empty.uexp" 584
"../../../Engine/Plugins/Editor/SpeedTreeImporter/Content/SpeedTree9/SpeedTreeBillboardMaster.uasset" 585
"../../../Engine/Plugins/Editor/SpeedTreeImporter/Content/SpeedTree9/SpeedTreeBillboardMaster.uexp" 586
"../../../Engine/Plugins/Editor/SpeedTreeImporter/Content/SpeedTree9/SpeedTreeCameraFacing.uasset" 587
"../../../Engine/Plugins/Editor/SpeedTreeImporter/Content/SpeedTree9/SpeedTreeCameraFacing.uexp" 588
"../../../Engine/Plugins/Editor/SpeedTreeImporter/Content/SpeedTree9/SpeedTreeMaster.uasset" 589
"../../../Engine/Plugins/Editor/SpeedTreeImporter/Content/SpeedTree9/SpeedTreeMaster.uexp" 590
"../../../Engine/Content/BasicShapes/Cylinder.uasset" 591
"../../../Engine/Content/BasicShapes/Cylinder.uexp" 592
"../../../Engine/Content/ArtTools/RenderToTexture/Materials/Debug/M_Emissive_Color.uasset" 593
"../../../Engine/Content/ArtTools/RenderToTexture/Materials/Debug/M_Emissive_Color.uexp" 594
"D:/TPSDuel/Content/Maps/L_Arena.uexp" 595
"D:/TPSDuel/Content/Maps/L_Arena.umap" 596
"D:/TPSDuel/Content/Maps/L_Menu.uexp" 597
"D:/TPSDuel/Content/Maps/L_Menu.umap" 598
